vl53l1_api_preset_modes.c:88:14:VL53L1_init_refspadchar_config_struct	24	static
vl53l1_api_preset_modes.c:129:14:VL53L1_init_ssc_config_struct	24	static
vl53l1_api_preset_modes.c:175:14:VL53L1_init_xtalk_config_struct	24	static
vl53l1_api_preset_modes.c:250:14:VL53L1_init_offset_cal_config_struct	24	static
vl53l1_api_preset_modes.c:292:14:VL53L1_init_tuning_parm_storage_struct	24	static
vl53l1_api_preset_modes.c:396:14:VL53L1_preset_mode_standard_ranging	32	static
vl53l1_api_preset_modes.c:656:14:VL53L1_preset_mode_standard_ranging_short_range	40	static
vl53l1_api_preset_modes.c:732:14:VL53L1_preset_mode_standard_ranging_long_range	40	static
vl53l1_api_preset_modes.c:809:14:VL53L1_preset_mode_standard_ranging_mm1_cal	40	static
vl53l1_api_preset_modes.c:863:14:VL53L1_preset_mode_standard_ranging_mm2_cal	40	static
vl53l1_api_preset_modes.c:918:14:VL53L1_preset_mode_timed_ranging	40	static
vl53l1_api_preset_modes.c:990:14:VL53L1_preset_mode_timed_ranging_short_range	40	static
vl53l1_api_preset_modes.c:1063:14:VL53L1_preset_mode_timed_ranging_long_range	40	static
vl53l1_api_preset_modes.c:1137:14:VL53L1_preset_mode_low_power_auto_ranging	40	static
vl53l1_api_preset_modes.c:1190:14:VL53L1_preset_mode_low_power_auto_short_ranging	40	static
vl53l1_api_preset_modes.c:1243:14:VL53L1_preset_mode_low_power_auto_long_ranging	40	static
vl53l1_api_preset_modes.c:1298:14:VL53L1_preset_mode_singleshot_ranging	40	static
vl53l1_api_preset_modes.c:1368:14:VL53L1_preset_mode_olt	40	static
