vl53l1_register_funcs.c:85:14:VL53L1_i2c_encode_static_nvm_managed	32	static
vl53l1_register_funcs.c:131:14:VL53L1_i2c_decode_static_nvm_managed	32	static
vl53l1_register_funcs.c:175:14:VL53L1_set_static_nvm_managed	32	static
vl53l1_register_funcs.c:208:14:VL53L1_get_static_nvm_managed	32	static
vl53l1_register_funcs.c:241:14:VL53L1_i2c_encode_customer_nvm_managed	32	static
vl53l1_register_funcs.c:311:14:VL53L1_i2c_decode_customer_nvm_managed	32	static
vl53l1_register_funcs.c:367:14:VL53L1_set_customer_nvm_managed	40	static
vl53l1_register_funcs.c:400:14:VL53L1_get_customer_nvm_managed	40	static
vl53l1_register_funcs.c:433:14:VL53L1_i2c_encode_static_config	32	static
vl53l1_register_funcs.c:521:14:VL53L1_i2c_decode_static_config	32	static
vl53l1_register_funcs.c:605:14:VL53L1_set_static_config	56	static
vl53l1_register_funcs.c:673:14:VL53L1_i2c_encode_general_config	32	static
vl53l1_register_funcs.c:739:14:VL53L1_i2c_decode_general_config	32	static
vl53l1_register_funcs.c:797:14:VL53L1_set_general_config	40	static
vl53l1_register_funcs.c:865:14:VL53L1_i2c_encode_timing_config	32	static
vl53l1_register_funcs.c:1055:14:VL53L1_i2c_encode_dynamic_config	32	static
vl53l1_register_funcs.c:1172:14:VL53L1_set_dynamic_config	40	static
vl53l1_register_funcs.c:1240:14:VL53L1_i2c_encode_system_control	32	static
vl53l1_register_funcs.c:1310:14:VL53L1_set_system_control	24	static
vl53l1_register_funcs.c:1492:14:VL53L1_i2c_decode_system_results	32	static
vl53l1_register_funcs.c:1601:14:VL53L1_get_system_results	64	static
vl53l1_register_funcs.c:1694:14:VL53L1_i2c_decode_core_results	32	static
vl53l1_register_funcs.c:1938:14:VL53L1_i2c_decode_debug_results	32	static
vl53l1_register_funcs.c:2246:14:VL53L1_i2c_decode_nvm_copy_data	32	static
vl53l1_register_funcs.c:2406:14:VL53L1_get_nvm_copy_data	72	static
