Archive member included to satisfy reference by file (symbol)

c:/st/stm32cubeide_1.5.1/stm32cubeide/plugins/com.st.stm32cube.ide.mcu.externaltools.gnu-tools-for-stm32.9-2020-q2-update.win32_2.0.0.202105311346/tools/bin/../lib/gcc/arm-none-eabi/9.3.1/../../../../arm-none-eabi/lib/thumb/v7e-m+dp/hard\libc_nano.a(lib_a-errno.o)
                              ./Core/Src/syscalls.o (__errno)
c:/st/stm32cubeide_1.5.1/stm32cubeide/plugins/com.st.stm32cube.ide.mcu.externaltools.gnu-tools-for-stm32.9-2020-q2-update.win32_2.0.0.202105311346/tools/bin/../lib/gcc/arm-none-eabi/9.3.1/../../../../arm-none-eabi/lib/thumb/v7e-m+dp/hard\libc_nano.a(lib_a-exit.o)
                              c:/st/stm32cubeide_1.5.1/stm32cubeide/plugins/com.st.stm32cube.ide.mcu.externaltools.gnu-tools-for-stm32.9-2020-q2-update.win32_2.0.0.202105311346/tools/bin/../lib/gcc/arm-none-eabi/9.3.1/../../../../arm-none-eabi/lib/thumb/v7e-m+dp/hard/crt0.o (exit)
c:/st/stm32cubeide_1.5.1/stm32cubeide/plugins/com.st.stm32cube.ide.mcu.externaltools.gnu-tools-for-stm32.9-2020-q2-update.win32_2.0.0.202105311346/tools/bin/../lib/gcc/arm-none-eabi/9.3.1/../../../../arm-none-eabi/lib/thumb/v7e-m+dp/hard\libc_nano.a(lib_a-impure.o)
                              c:/st/stm32cubeide_1.5.1/stm32cubeide/plugins/com.st.stm32cube.ide.mcu.externaltools.gnu-tools-for-stm32.9-2020-q2-update.win32_2.0.0.202105311346/tools/bin/../lib/gcc/arm-none-eabi/9.3.1/../../../../arm-none-eabi/lib/thumb/v7e-m+dp/hard\libc_nano.a(lib_a-exit.o) (_global_impure_ptr)
c:/st/stm32cubeide_1.5.1/stm32cubeide/plugins/com.st.stm32cube.ide.mcu.externaltools.gnu-tools-for-stm32.9-2020-q2-update.win32_2.0.0.202105311346/tools/bin/../lib/gcc/arm-none-eabi/9.3.1/../../../../arm-none-eabi/lib/thumb/v7e-m+dp/hard\libc_nano.a(lib_a-init.o)
                              c:/st/stm32cubeide_1.5.1/stm32cubeide/plugins/com.st.stm32cube.ide.mcu.externaltools.gnu-tools-for-stm32.9-2020-q2-update.win32_2.0.0.202105311346/tools/bin/../lib/gcc/arm-none-eabi/9.3.1/../../../../arm-none-eabi/lib/thumb/v7e-m+dp/hard/crt0.o (__libc_init_array)
c:/st/stm32cubeide_1.5.1/stm32cubeide/plugins/com.st.stm32cube.ide.mcu.externaltools.gnu-tools-for-stm32.9-2020-q2-update.win32_2.0.0.202105311346/tools/bin/../lib/gcc/arm-none-eabi/9.3.1/../../../../arm-none-eabi/lib/thumb/v7e-m+dp/hard\libc_nano.a(lib_a-itoa.o)
                              ./Core/Src/main.o (itoa)
c:/st/stm32cubeide_1.5.1/stm32cubeide/plugins/com.st.stm32cube.ide.mcu.externaltools.gnu-tools-for-stm32.9-2020-q2-update.win32_2.0.0.202105311346/tools/bin/../lib/gcc/arm-none-eabi/9.3.1/../../../../arm-none-eabi/lib/thumb/v7e-m+dp/hard\libc_nano.a(lib_a-memcpy-stub.o)
                              ./Drivers/VL53L1X/core/src/vl53l1_api.o (memcpy)
c:/st/stm32cubeide_1.5.1/stm32cubeide/plugins/com.st.stm32cube.ide.mcu.externaltools.gnu-tools-for-stm32.9-2020-q2-update.win32_2.0.0.202105311346/tools/bin/../lib/gcc/arm-none-eabi/9.3.1/../../../../arm-none-eabi/lib/thumb/v7e-m+dp/hard\libc_nano.a(lib_a-memset.o)
                              c:/st/stm32cubeide_1.5.1/stm32cubeide/plugins/com.st.stm32cube.ide.mcu.externaltools.gnu-tools-for-stm32.9-2020-q2-update.win32_2.0.0.202105311346/tools/bin/../lib/gcc/arm-none-eabi/9.3.1/../../../../arm-none-eabi/lib/thumb/v7e-m+dp/hard/crt0.o (memset)
c:/st/stm32cubeide_1.5.1/stm32cubeide/plugins/com.st.stm32cube.ide.mcu.externaltools.gnu-tools-for-stm32.9-2020-q2-update.win32_2.0.0.202105311346/tools/bin/../lib/gcc/arm-none-eabi/9.3.1/../../../../arm-none-eabi/lib/thumb/v7e-m+dp/hard\libc_nano.a(lib_a-strncpy.o)
                              ./Drivers/VL53L1X/core/src/vl53l1_api.o (strncpy)
c:/st/stm32cubeide_1.5.1/stm32cubeide/plugins/com.st.stm32cube.ide.mcu.externaltools.gnu-tools-for-stm32.9-2020-q2-update.win32_2.0.0.202105311346/tools/bin/../lib/gcc/arm-none-eabi/9.3.1/../../../../arm-none-eabi/lib/thumb/v7e-m+dp/hard\libc_nano.a(lib_a-utoa.o)
                              c:/st/stm32cubeide_1.5.1/stm32cubeide/plugins/com.st.stm32cube.ide.mcu.externaltools.gnu-tools-for-stm32.9-2020-q2-update.win32_2.0.0.202105311346/tools/bin/../lib/gcc/arm-none-eabi/9.3.1/../../../../arm-none-eabi/lib/thumb/v7e-m+dp/hard\libc_nano.a(lib_a-itoa.o) (__utoa)
c:/st/stm32cubeide_1.5.1/stm32cubeide/plugins/com.st.stm32cube.ide.mcu.externaltools.gnu-tools-for-stm32.9-2020-q2-update.win32_2.0.0.202105311346/tools/bin/../lib/gcc/arm-none-eabi/9.3.1/thumb/v7e-m+dp/hard\libgcc.a(_aeabi_uldivmod.o)
                              ./Drivers/STM32F7xx_HAL_Driver/Src/stm32f7xx_hal_rcc.o (__aeabi_uldivmod)
c:/st/stm32cubeide_1.5.1/stm32cubeide/plugins/com.st.stm32cube.ide.mcu.externaltools.gnu-tools-for-stm32.9-2020-q2-update.win32_2.0.0.202105311346/tools/bin/../lib/gcc/arm-none-eabi/9.3.1/thumb/v7e-m+dp/hard\libgcc.a(_udivmoddi4.o)
[...]
Memory Configuration

Name             Origin             Length             Attributes
RAM              0x0000000020000000 0x0000000000080000 xrw
FLASH            0x0000000008000000 0x0000000000200000 xr
*default*        0x0000000000000000 0xffffffffffffffff

Linker script and memory map

LOAD c:/st/stm32cubeide_1.5.1/stm32cubeide/plugins/com.st.stm32cube.ide.mcu.externaltools.gnu-tools-for-stm32.9-2020-q2-update.win32_2.0.0.202105311346/tools/bin/../lib/gcc/arm-none-eabi/9.3.1/thumb/v7e-m+dp/hard/crti.o
LOAD c:/st/stm32cubeide_1.5.1/stm32cubeide/plugins/com.st.stm32cube.ide.mcu.externaltools.gnu-tools-for-stm32.9-2020-q2-update.win32_2.0.0.202105311346/tools/bin/../lib/gcc/arm-none-eabi/9.3.1/thumb/v7e-m+dp/hard/crtbegin.o
LOAD c:/st/stm32cubeide_1.5.1/stm32cubeide/plugins/com.st.stm32cube.ide.mcu.externaltools.gnu-tools-for-stm32.9-2020-q2-update.win32_2.0.0.202105311346/tools/bin/../lib/gcc/arm-none-eabi/9.3.1/../../../../arm-none-eabi/lib/thumb/v7e-m+dp/hard/crt0.o
LOAD ./Core/Src/dma.o
LOAD ./Core/Src/gpio.o
LOAD ./Core/Src/i2c.o
LOAD ./Core/Src/iBus.o
LOAD ./Core/Src/iwdg.o
LOAD ./Core/Src/main.o
LOAD ./Core/Src/minion_drive.o
LOAD ./Core/Src/modes.o
LOAD ./Core/Src/odom.o
LOAD ./Core/Src/sonar.o
LOAD ./Core/Src/stm32f7xx_hal_msp.o
LOAD ./Core/Src/stm32f7xx_it.o
LOAD ./Core/Src/syscalls.o
LOAD ./Core/Src/sysmem.o
LOAD ./Core/Src/system_stm32f7xx.o
LOAD ./Core/Src/tim.o
LOAD ./Core/Src/tof.o
LOAD ./Core/Src/usart.o
LOAD ./Core/Startup/startup_stm32f767zitx.o
LOAD ./Drivers/STM32F7xx_HAL_Driver/Src/stm32f7xx_hal.o
LOAD ./Drivers/STM32F7xx_HAL_Driver/Src/stm32f7xx_hal_cortex.o
LOAD ./Drivers/STM32F7xx_HAL_Driver/Src/stm32f7xx_hal_dma.o
LOAD ./Drivers/STM32F7xx_HAL_Driver/Src/stm32f7xx_hal_dma_ex.o
LOAD ./Drivers/STM32F7xx_HAL_Driver/Src/stm32f7xx_hal_exti.o
LOAD ./Drivers/STM32F7xx_HAL_Driver/Src/stm32f7xx_hal_flash.o
LOAD ./Drivers/STM32F7xx_HAL_Driver/Src/stm32f7xx_hal_flash_ex.o
LOAD ./Drivers/STM32F7xx_HAL_Driver/Src/stm32f7xx_hal_gpio.o
LOAD ./Drivers/STM32F7xx_HAL_Driver/Src/stm32f7xx_hal_i2c.o
LOAD ./Drivers/STM32F7xx_HAL_Driver/Src/stm32f7xx_hal_i2c_ex.o
LOAD ./Drivers/STM32F7xx_HAL_Driver/Src/stm32f7xx_hal_iwdg.o
LOAD ./Drivers/STM32F7xx_HAL_Driver/Src/stm32f7xx_hal_pwr.o
LOAD ./Drivers/STM32F7xx_HAL_Driver/Src/stm32f7xx_hal_pwr_ex.o
LOAD ./Drivers/STM32F7xx_HAL_Driver/Src/stm32f7xx_hal_rcc.o
LOAD ./Drivers/STM32F7xx_HAL_Driver/Src/stm32f7xx_hal_rcc_ex.o
LOAD ./Drivers/STM32F7xx_HAL_Driver/Src/stm32f7xx_hal_tim.o
LOAD ./Drivers/STM32F7xx_HAL_Driver/Src/stm32f7xx_hal_tim_ex.o
LOAD ./Drivers/STM32F7xx_HAL_Driver/Src/stm32f7xx_hal_uart.o
LOAD ./Drivers/STM32F7xx_HAL_Driver/Src/stm32f7xx_hal_uart_ex.o
LOAD ./Drivers/STM32F7xx_HAL_Driver/Src/stm32f7xx_ll_dma.o
LOAD ./Drivers/STM32F7xx_HAL_Driver/Src/stm32f7xx_ll_exti.o
LOAD ./Drivers/STM32F7xx_HAL_Driver/Src/stm32f7xx_ll_gpio.o
LOAD ./Drivers/STM32F7xx_HAL_Driver/Src/stm32f7xx_ll_rcc.o
LOAD ./Drivers/STM32F7xx_HAL_Driver/Src/stm32f7xx_ll_tim.o
LOAD ./Drivers/STM32F7xx_HAL_Driver/Src/stm32f7xx_ll_utils.o
LOAD ./Drivers/VL53L1X/core/src/vl53l1_api.o
LOAD ./Drivers/VL53L1X/core/src/vl53l1_api_calibration.o
LOAD ./Drivers/VL53L1X/core/src/vl53l1_api_core.o
LOAD ./Drivers/VL53L1X/core/src/vl53l1_api_debug.o
LOAD ./Drivers/VL53L1X/core/src/vl53l1_api_preset_modes.o
LOAD ./Drivers/VL53L1X/core/src/vl53l1_api_strings.o
LOAD ./Drivers/VL53L1X/core/src/vl53l1_core.o
LOAD ./Drivers/VL53L1X/core/src/vl53l1_core_support.o
LOAD ./Drivers/VL53L1X/core/src/vl53l1_error_strings.o
LOAD ./Drivers/VL53L1X/core/src/vl53l1_register_funcs.o
LOAD ./Drivers/VL53L1X/core/src/vl53l1_silicon_core.o
LOAD ./Drivers/VL53L1X/core/src/vl53l1_wait.o
LOAD ./Drivers/VL53L1X/platform/src/vl53l1_platform.o
LOAD ./Drivers/VL53L1X/platform/src/vl53l1_platform_log.o
START GROUP
LOAD c:/st/stm32cubeide_1.5.1/stm32cubeide/plugins/com.st.stm32cube.ide.mcu.externaltools.gnu-tools-for-stm32.9-2020-q2-update.win32_2.0.0.202105311346/tools/bin/../lib/gcc/arm-none-eabi/9.3.1/../../../../arm-none-eabi/lib/thumb/v7e-m+dp/hard\libc_nano.a
LOAD c:/st/stm32cubeide_1.5.1/stm32cubeide/plugins/com.st.stm32cube.ide.mcu.externaltools.gnu-tools-for-stm32.9-2020-q2-update.win32_2.0.0.202105311346/tools/bin/../lib/gcc/arm-none-eabi/9.3.1/../../../../arm-none-eabi/lib/thumb/v7e-m+dp/hard\libm.a
END GROUP
START GROUP
LOAD c:/st/stm32cubeide_1.5.1/stm32cubeide/plugins/com.st.stm32cube.ide.mcu.externaltools.gnu-tools-for-stm32.9-2020-q2-update.win32_2.0.0.202105311346/tools/bin/../lib/gcc/arm-none-eabi/9.3.1/thumb/v7e-m+dp/hard\libgcc.a
LOAD c:/st/stm32cubeide_1.5.1/stm32cubeide/plugins/com.st.stm32cube.ide.mcu.externaltools.gnu-tools-for-stm32.9-2020-q2-update.win32_2.0.0.202105311346/tools/bin/../lib/gcc/arm-none-eabi/9.3.1/../../../../arm-none-eabi/lib/thumb/v7e-m+dp/hard\libc_nano.a
END GROUP
START GROUP
LOAD c:/st/stm32cubeide_1.5.1/stm32cubeide/plugins/com.st.stm32cube.ide.mcu.externaltools.gnu-tools-for-stm32.9-2020-q2-update.win32_2.0.0.202105311346/tools/bin/../lib/gcc/arm-none-eabi/9.3.1/thumb/v7e-m+dp/hard\libgcc.a
LOAD c:/st/stm32cubeide_1.5.1/stm32cubeide/plugins/com.st.stm32cube.ide.mcu.externaltools.gnu-tools-for-stm32.9-2020-q2-update.win32_2.0.0.202105311346/tools/bin/../lib/gcc/arm-none-eabi/9.3.1/../../../../arm-none-eabi/lib/thumb/v7e-m+dp/hard\libc_nano.a
LOAD c:/st/stm32cubeide_1.5.1/stm32cubeide/plugins/com.st.stm32cube.ide.mcu.externaltools.gnu-tools-for-stm32.9-2020-q2-update.win32_2.0.0.202105311346/tools/bin/../lib/gcc/arm-none-eabi/9.3.1/../../../../arm-none-eabi/lib/thumb/v7e-m+dp/hard\libnosys.a
END GROUP
START GROUP
LOAD c:/st/stm32cubeide_1.5.1/stm32cubeide/plugins/com.st.stm32cube.ide.mcu.externaltools.gnu-tools-for-stm32.9-2020-q2-update.win32_2.0.0.202105311346/tools/bin/../lib/gcc/arm-none-eabi/9.3.1/thumb/v7e-m+dp/hard\libgcc.a
LOAD c:/st/stm32cubeide_1.5.1/stm32cubeide/plugins/com.st.stm32cube.ide.mcu.externaltools.gnu-tools-for-stm32.9-2020-q2-update.win32_2.0.0.202105311346/tools/bin/../lib/gcc/arm-none-eabi/9.3.1/../../../../arm-none-eabi/lib/thumb/v7e-m+dp/hard\libc_nano.a
LOAD c:/st/stm32cubeide_1.5.1/stm32cubeide/plugins/com.st.stm32cube.ide.mcu.externaltools.gnu-tools-for-stm32.9-2020-q2-update.win32_2.0.0.202105311346/tools/bin/../lib/gcc/arm-none-eabi/9.3.1/../../../../arm-none-eabi/lib/thumb/v7e-m+dp/hard\libnosys.a
END GROUP
LOAD c:/st/stm32cubeide_1.5.1/stm32cubeide/plugins/com.st.stm32cube.ide.mcu.externaltools.gnu-tools-for-stm32.9-2020-q2-update.win32_2.0.0.202105311346/tools/bin/../lib/gcc/arm-none-eabi/9.3.1/thumb/v7e-m+dp/hard/crtend.o
LOAD c:/st/stm32cubeide_1.5.1/stm32cubeide/plugins/com.st.stm32cube.ide.mcu.externaltools.gnu-tools-for-stm32.9-2020-q2-update.win32_2.0.0.202105311346/tools/bin/../lib/gcc/arm-none-eabi/9.3.1/thumb/v7e-m+dp/hard/crtn.o
                0x0000000020080000                _estack = (ORIGIN (RAM) + LENGTH (RAM))
                0x0000000000000200                _Min_Heap_Size = 0x200
                0x0000000000000400                _Min_Stack_Size = 0x400

.isr_vector     0x0000000008000000      0x1f8
                0x0000000008000000                . = ALIGN (0x4)
 *(.isr_vector)
 .isr_vector    0x0000000008000000      0x1f8 ./Core/Startup/startup_stm32f767zitx.o
                0x0000000008000000                g_pfnVectors
                0x00000000080001f8                . = ALIGN (0x4)

.text           0x00000000080001f8     0x6f34
                0x00000000080001f8                . = ALIGN (0x4)
 *(.text)
 .text          0x00000000080001f8       0x40 c:/st/stm32cubeide_1.5.1/stm32cubeide/plugins/com.st.stm32cube.ide.mcu.externaltools.gnu-tools-for-stm32.9-2020-q2-update.win32_2.0.0.202105311346/tools/bin/../lib/gcc/arm-none-eabi/9.3.1/thumb/v7e-m+dp/hard/crtbegin.o
 .text          0x0000000008000238       0x30 c:/st/stm32cubeide_1.5.1/stm32cubeide/plugins/com.st.stm32cube.ide.mcu.externaltools.gnu-tools-for-stm32.9-2020-q2-update.win32_2.0.0.202105311346/tools/bin/../lib/gcc/arm-none-eabi/9.3.1/thumb/v7e-m+dp/hard\libgcc.a(_aeabi_uldivmod.o)
                0x0000000008000238                __aeabi_uldivmod
 .text          0x0000000008000268      0x2c4 c:/st/stm32cubeide_1.5.1/stm32cubeide/plugins/com.st.stm32cube.ide.mcu.externaltools.gnu-tools-for-stm32.9-2020-q2-update.win32_2.0.0.202105311346/tools/bin/../lib/gcc/arm-none-eabi/9.3.1/thumb/v7e-m+dp/hard\libgcc.a(_udivmoddi4.o)
                0x0000000008000268                __udivmoddi4
 .text          0x000000000800052c        0x4 c:/st/stm32cubeide_1.5.1/stm32cubeide/plugins/com.st.stm32cube.ide.mcu.externaltools.gnu-tools-for-stm32.9-2020-q2-update.win32_2.0.0.202105311346/tools/bin/../lib/gcc/arm-none-eabi/9.3.1/thumb/v7e-m+dp/hard\libgcc.a(_dvmd_tls.o)
                0x000000000800052c                __aeabi_idiv0
                0x000000000800052c                __aeabi_ldiv0
 *(.text*)
 .text.__NVIC_GetPriorityGrouping
                0x0000000008000530       0x1c ./Core/Src/dma.o
 .text.__NVIC_EnableIRQ
                0x000000000800054c       0x3c ./Core/Src/dma.o
 .text.__NVIC_SetPriority
                0x0000000008000588       0x54 ./Core/Src/dma.o
 .text.NVIC_EncodePriority
                0x00000000080005dc       0x66 ./Core/Src/dma.o
 *fill*         0x0000000008000642        0x2 
 .text.MX_DMA_Init
                0x0000000008000644       0x6c ./Core/Src/dma.o
                0x0000000008000644                MX_DMA_Init
 .text.MX_GPIO_Init
                0x00000000080006b0      0x1d0 ./Core/Src/gpio.o
                0x00000000080006b0                MX_GPIO_Init
 .text.MX_I2C1_Init
                0x0000000008000880       0x80 ./Core/Src/i2c.o
                0x0000000008000880                MX_I2C1_Init
 .text.MX_I2C2_Init
                0x0000000008000900       0x80 ./Core/Src/i2c.o
                0x0000000008000900                MX_I2C2_Init
 .text.HAL_I2C_MspInit
                0x0000000008000980       0xec ./Core/Src/i2c.o
                0x0000000008000980                HAL_I2C_MspInit
 .text.HAL_UART_RxCpltCallback
                0x0000000008000a6c       0xa0 ./Core/Src/iBus.o
                0x0000000008000a6c                HAL_UART_RxCpltCallback
 .text.DecodeReceiverState
                0x0000000008000b0c      0x166 ./Core/Src/iBus.o
                0x0000000008000b0c                DecodeReceiverState
 *fill*         0x0000000008000c72        0x2 
 .text.HandleReceiverMessage
                0x0000000008000c74       0x64 ./Core/Src/iBus.o
                0x0000000008000c74                HandleReceiverMessage
 .text.CheckUartInterruptStatus
                0x0000000008000cd8       0x3c ./Core/Src/iBus.o
                0x0000000008000cd8                CheckUartInterruptStatus
 .text.MX_IWDG_Init
                0x0000000008000d14       0x3c ./Core/Src/iwdg.o
                0x0000000008000d14                MX_IWDG_Init
 .text.send_data.14759
                0x0000000008000d50       0x7c ./Core/Src/main.o
 .text.main     0x0000000008000dcc      0x26c ./Core/Src/main.o
                0x0000000008000dcc                main
 .text.led_1_on.14761
                0x0000000008001038       0x24 ./Core/Src/main.o
 .text.led_1_off.14763
                0x000000000800105c       0x24 ./Core/Src/main.o
 .text.led_2_on.14765
                0x0000000008001080       0x24 ./Core/Src/main.o
 .text.led_2_off.14767
                0x00000000080010a4       0x24 ./Core/Src/main.o
 .text.led_3_on.14769
                0x00000000080010c8       0x24 ./Core/Src/main.o
 .text.led_3_off.14771
                0x00000000080010ec       0x24 ./Core/Src/main.o
 .text.SystemClock_Config
                0x0000000008001110      0x134 ./Core/Src/main.o
                0x0000000008001110                SystemClock_Config
 .text.Error_Handler
                0x0000000008001244        0xa ./Core/Src/main.o
                0x0000000008001244                Error_Handler
 *fill*         0x000000000800124e        0x2 
 .text.setThrottle
                0x0000000008001250      0x22c ./Core/Src/minion_drive.o
                0x0000000008001250                setThrottle
 .text.automatic
                0x000000000800147c      0x112 ./Core/Src/modes.o
                0x000000000800147c                automatic
 *fill*         0x000000000800158e        0x2 
 .text.odometry_m1
                0x0000000008001590      0x138 ./Core/Src/odom.o
                0x0000000008001590                odometry_m1
 .text.odometry_m2
                0x00000000080016c8      0x138 ./Core/Src/odom.o
                0x00000000080016c8                odometry_m2
 .text.sonar_s1
                0x0000000008001800       0xb8 ./Core/Src/sonar.o
                0x0000000008001800                sonar_s1
 .text.sonar_s2
                0x00000000080018b8       0xb8 ./Core/Src/sonar.o
                0x00000000080018b8                sonar_s2
 .text.sonar_s3
                0x0000000008001970       0xb8 ./Core/Src/sonar.o
                0x0000000008001970                sonar_s3
 .text.HAL_MspInit
                0x0000000008001a28       0x48 ./Core/Src/stm32f7xx_hal_msp.o
                0x0000000008001a28                HAL_MspInit
 .text.NMI_Handler
                0x0000000008001a70        0x6 ./Core/Src/stm32f7xx_it.o
                0x0000000008001a70                NMI_Handler
 .text.HardFault_Handler
                0x0000000008001a76        0x6 ./Core/Src/stm32f7xx_it.o
                0x0000000008001a76                HardFault_Handler
 .text.MemManage_Handler
                0x0000000008001a7c        0x6 ./Core/Src/stm32f7xx_it.o
                0x0000000008001a7c                MemManage_Handler
 .text.BusFault_Handler
                0x0000000008001a82        0x6 ./Core/Src/stm32f7xx_it.o
                0x0000000008001a82                BusFault_Handler
 .text.UsageFault_Handler
                0x0000000008001a88        0x6 ./Core/Src/stm32f7xx_it.o
                0x0000000008001a88                UsageFault_Handler
 .text.SVC_Handler
                0x0000000008001a8e        0xe ./Core/Src/stm32f7xx_it.o
                0x0000000008001a8e                SVC_Handler
 .text.DebugMon_Handler
                0x0000000008001a9c        0xe ./Core/Src/stm32f7xx_it.o
                0x0000000008001a9c                DebugMon_Handler
 .text.PendSV_Handler
                0x0000000008001aaa        0xe ./Core/Src/stm32f7xx_it.o
                0x0000000008001aaa                PendSV_Handler
 .text.SysTick_Handler
                0x0000000008001ab8        0xc ./Core/Src/stm32f7xx_it.o
                0x0000000008001ab8                SysTick_Handler
 .text.TIM1_BRK_TIM9_IRQHandler
                0x0000000008001ac4        0xe ./Core/Src/stm32f7xx_it.o
                0x0000000008001ac4                TIM1_BRK_TIM9_IRQHandler
 .text.TIM1_UP_TIM10_IRQHandler
                0x0000000008001ad2        0xe ./Core/Src/stm32f7xx_it.o
                0x0000000008001ad2                TIM1_UP_TIM10_IRQHandler
 .text.TIM1_TRG_COM_TIM11_IRQHandler
                0x0000000008001ae0        0xe ./Core/Src/stm32f7xx_it.o
                0x0000000008001ae0                TIM1_TRG_COM_TIM11_IRQHandler
 .text.TIM1_CC_IRQHandler
                0x0000000008001aee        0xe ./Core/Src/stm32f7xx_it.o
                0x0000000008001aee                TIM1_CC_IRQHandler
 .text.USART3_IRQHandler
                0x0000000008001afc       0x20 ./Core/Src/stm32f7xx_it.o
                0x0000000008001afc                USART3_IRQHandler
 .text.DMA2_Stream2_IRQHandler
                0x0000000008001b1c        0xe ./Core/Src/stm32f7xx_it.o
                0x0000000008001b1c                DMA2_Stream2_IRQHandler
 .text.DMA2_Stream6_IRQHandler
                0x0000000008001b2a        0xe ./Core/Src/stm32f7xx_it.o
                0x0000000008001b2a                DMA2_Stream6_IRQHandler
 .text.UART7_IRQHandler
                0x0000000008001b38       0x14 ./Core/Src/stm32f7xx_it.o
                0x0000000008001b38                UART7_IRQHandler
 .text.SystemInit
                0x0000000008001b4c       0x2c ./Core/Src/system_stm32f7xx.o
                0x0000000008001b4c                SystemInit
 .text.__NVIC_GetPriorityGrouping
                0x0000000008001b78       0x1c ./Core/Src/tim.o
 .text.__NVIC_EnableIRQ
                0x0000000008001b94       0x3c ./Core/Src/tim.o
 .text.__NVIC_SetPriority
                0x0000000008001bd0       0x54 ./Core/Src/tim.o
 .text.NVIC_EncodePriority
                0x0000000008001c24       0x66 ./Core/Src/tim.o
 .text.LL_TIM_DisableARRPreload
                0x0000000008001c8a       0x20 ./Core/Src/tim.o
 *fill*         0x0000000008001caa        0x2 
 .text.LL_TIM_OC_DisableFast
                0x0000000008001cac       0xa4 ./Core/Src/tim.o
 .text.LL_TIM_OC_EnablePreload
                0x0000000008001d50       0xa0 ./Core/Src/tim.o
 .text.LL_TIM_SetClockSource
                0x0000000008001df0       0x2c ./Core/Src/tim.o
 .text.LL_TIM_SetTriggerOutput
                0x0000000008001e1c       0x26 ./Core/Src/tim.o
 .text.LL_TIM_SetTriggerOutput2
                0x0000000008001e42       0x26 ./Core/Src/tim.o
 .text.LL_TIM_DisableMasterSlaveMode
                0x0000000008001e68       0x20 ./Core/Src/tim.o
 .text.LL_AHB1_GRP1_EnableClock
                0x0000000008001e88       0x30 ./Core/Src/tim.o
 .text.LL_APB2_GRP1_EnableClock
                0x0000000008001eb8       0x30 ./Core/Src/tim.o
 .text.LL_DMA_SetDataTransferDirection
                0x0000000008001ee8       0x48 ./Core/Src/tim.o
 .text.LL_DMA_SetMode
                0x0000000008001f30       0x48 ./Core/Src/tim.o
 .text.LL_DMA_SetPeriphIncMode
                0x0000000008001f78       0x48 ./Core/Src/tim.o
 .text.LL_DMA_SetMemoryIncMode
                0x0000000008001fc0       0x48 ./Core/Src/tim.o
 .text.LL_DMA_SetPeriphSize
                0x0000000008002008       0x48 ./Core/Src/tim.o
 .text.LL_DMA_SetMemorySize
                0x0000000008002050       0x48 ./Core/Src/tim.o
 .text.LL_DMA_SetStreamPriorityLevel
                0x0000000008002098       0x48 ./Core/Src/tim.o
 .text.LL_DMA_SetChannelSelection
                0x00000000080020e0       0x48 ./Core/Src/tim.o
 .text.LL_DMA_DisableFifoMode
                0x0000000008002128       0x40 ./Core/Src/tim.o
 .text.MX_TIM1_Init
                0x0000000008002168      0x2dc ./Core/Src/tim.o
                0x0000000008002168                MX_TIM1_Init
 .text.MX_TIM3_Init
                0x0000000008002444       0x9c ./Core/Src/tim.o
                0x0000000008002444                MX_TIM3_Init
 .text.MX_TIM4_Init
                0x00000000080024e0       0x9c ./Core/Src/tim.o
                0x00000000080024e0                MX_TIM4_Init
 .text.HAL_TIM_Base_MspInit
                0x000000000800257c       0x68 ./Core/Src/tim.o
                0x000000000800257c                HAL_TIM_Base_MspInit
 .text.tof_t1   0x00000000080025e4       0x38 ./Core/Src/tof.o
                0x00000000080025e4                tof_t1
 .text.MX_UART7_Init
                0x000000000800261c       0x60 ./Core/Src/usart.o
                0x000000000800261c                MX_UART7_Init
 .text.MX_USART3_UART_Init
                0x000000000800267c       0x60 ./Core/Src/usart.o
                0x000000000800267c                MX_USART3_UART_Init
 .text.HAL_UART_MspInit
                0x00000000080026dc      0x110 ./Core/Src/usart.o
                0x00000000080026dc                HAL_UART_MspInit
 .text.Reset_Handler
                0x00000000080027ec       0x50 ./Core/Startup/startup_stm32f767zitx.o
                0x00000000080027ec                Reset_Handler
 .text.Default_Handler
                0x000000000800283c        0x2 ./Core/Startup/startup_stm32f767zitx.o
                0x000000000800283c                RTC_Alarm_IRQHandler
                0x000000000800283c                EXTI2_IRQHandler
                0x000000000800283c                TIM8_CC_IRQHandler
                0x000000000800283c                UART8_IRQHandler
                0x000000000800283c                SPI4_IRQHandler
                0x000000000800283c                DMA2_Stream5_IRQHandler
                0x000000000800283c                JPEG_IRQHandler
                0x000000000800283c                DMA1_Stream5_IRQHandler
                0x000000000800283c                CAN3_RX1_IRQHandler
                0x000000000800283c                PVD_IRQHandler
                0x000000000800283c                TAMP_STAMP_IRQHandler
                0x000000000800283c                CAN2_RX1_IRQHandler
                0x000000000800283c                EXTI3_IRQHandler
                0x000000000800283c                TIM8_TRG_COM_TIM14_IRQHandler
                0x000000000800283c                DFSDM1_FLT1_IRQHandler
                0x000000000800283c                TIM8_UP_TIM13_IRQHandler
                0x000000000800283c                I2C3_ER_IRQHandler
                0x000000000800283c                DFSDM1_FLT2_IRQHandler
                0x000000000800283c                EXTI0_IRQHandler
                0x000000000800283c                I2C2_EV_IRQHandler
                0x000000000800283c                DMA1_Stream2_IRQHandler
                0x000000000800283c                CAN1_RX0_IRQHandler
                0x000000000800283c                FPU_IRQHandler
                0x000000000800283c                OTG_HS_WKUP_IRQHandler
                0x000000000800283c                CAN3_SCE_IRQHandler
                0x000000000800283c                LTDC_ER_IRQHandler
                0x000000000800283c                CAN2_SCE_IRQHandler
                0x000000000800283c                SPI1_IRQHandler
                0x000000000800283c                TIM6_DAC_IRQHandler
                0x000000000800283c                DCMI_IRQHandler
                0x000000000800283c                CAN2_RX0_IRQHandler
                0x000000000800283c                DMA2_Stream3_IRQHandler
                0x000000000800283c                SAI2_IRQHandler
                0x000000000800283c                DFSDM1_FLT3_IRQHandler
                0x000000000800283c                USART6_IRQHandler
                0x000000000800283c                CAN3_RX0_IRQHandler
                0x000000000800283c                CAN1_RX1_IRQHandler
                0x000000000800283c                UART5_IRQHandler
                0x000000000800283c                DMA2_Stream0_IRQHandler
                0x000000000800283c                TIM4_IRQHandler
                0x000000000800283c                QUADSPI_IRQHandler
                0x000000000800283c                I2C1_EV_IRQHandler
                0x000000000800283c                DMA1_Stream6_IRQHandler
                0x000000000800283c                DMA1_Stream1_IRQHandler
                0x000000000800283c                UART4_IRQHandler
                0x000000000800283c                TIM3_IRQHandler
                0x000000000800283c                RCC_IRQHandler
                0x000000000800283c                TIM8_BRK_TIM12_IRQHandler
                0x000000000800283c                Default_Handler
                0x000000000800283c                CEC_IRQHandler
                0x000000000800283c                EXTI15_10_IRQHandler
                0x000000000800283c                ADC_IRQHandler
                0x000000000800283c                DMA1_Stream7_IRQHandler
                0x000000000800283c                SPI5_IRQHandler
                0x000000000800283c                TIM7_IRQHandler
                0x000000000800283c                SDMMC1_IRQHandler
                0x000000000800283c                CAN2_TX_IRQHandler
                0x000000000800283c                TIM5_IRQHandler
                0x000000000800283c                DMA2_Stream7_IRQHandler
                0x000000000800283c                I2C3_EV_IRQHandler
                0x000000000800283c                EXTI9_5_IRQHandler
                0x000000000800283c                RTC_WKUP_IRQHandler
                0x000000000800283c                LTDC_IRQHandler
                0x000000000800283c                ETH_WKUP_IRQHandler
                0x000000000800283c                SPDIF_RX_IRQHandler
                0x000000000800283c                SPI2_IRQHandler
                0x000000000800283c                OTG_HS_EP1_IN_IRQHandler
                0x000000000800283c                DMA1_Stream0_IRQHandler
                0x000000000800283c                CAN1_TX_IRQHandler
                0x000000000800283c                EXTI4_IRQHandler
                0x000000000800283c                RNG_IRQHandler
                0x000000000800283c                ETH_IRQHandler
                0x000000000800283c                OTG_HS_EP1_OUT_IRQHandler
                0x000000000800283c                WWDG_IRQHandler
                0x000000000800283c                SPI6_IRQHandler
                0x000000000800283c                MDIOS_IRQHandler
                0x000000000800283c                I2C4_EV_IRQHandler
                0x000000000800283c                CAN3_TX_IRQHandler
                0x000000000800283c                TIM2_IRQHandler
                0x000000000800283c                OTG_FS_WKUP_IRQHandler
                0x000000000800283c                OTG_HS_IRQHandler
                0x000000000800283c                DMA2D_IRQHandler
                0x000000000800283c                EXTI1_IRQHandler
                0x000000000800283c                SDMMC2_IRQHandler
                0x000000000800283c                USART2_IRQHandler
                0x000000000800283c                DFSDM1_FLT0_IRQHandler
                0x000000000800283c                I2C2_ER_IRQHandler
                0x000000000800283c                DMA2_Stream1_IRQHandler
                0x000000000800283c                CAN1_SCE_IRQHandler
                0x000000000800283c                FLASH_IRQHandler
                0x000000000800283c                DMA2_Stream4_IRQHandler
                0x000000000800283c                USART1_IRQHandler
                0x000000000800283c                OTG_FS_IRQHandler
                0x000000000800283c                SPI3_IRQHandler
                0x000000000800283c                DMA1_Stream4_IRQHandler
                0x000000000800283c                I2C1_ER_IRQHandler
                0x000000000800283c                FMC_IRQHandler
                0x000000000800283c                LPTIM1_IRQHandler
                0x000000000800283c                I2C4_ER_IRQHandler
                0x000000000800283c                SAI1_IRQHandler
                0x000000000800283c                DMA1_Stream3_IRQHandler
 .text.HAL_Init
                0x000000000800283e       0x1a ./Drivers/STM32F7xx_HAL_Driver/Src/stm32f7xx_hal.o
                0x000000000800283e                HAL_Init
 .text.HAL_InitTick
                0x0000000008002858       0x60 ./Drivers/STM32F7xx_HAL_Driver/Src/stm32f7xx_hal.o
                0x0000000008002858                HAL_InitTick
 .text.HAL_IncTick
                0x00000000080028b8       0x28 ./Drivers/STM32F7xx_HAL_Driver/Src/stm32f7xx_hal.o
                0x00000000080028b8                HAL_IncTick
 .text.HAL_GetTick
                0x00000000080028e0       0x18 ./Drivers/STM32F7xx_HAL_Driver/Src/stm32f7xx_hal.o
                0x00000000080028e0                HAL_GetTick
 .text.HAL_Delay
                0x00000000080028f8       0x48 ./Drivers/STM32F7xx_HAL_Driver/Src/stm32f7xx_hal.o
                0x00000000080028f8                HAL_Delay
 .text.__NVIC_SetPriorityGrouping
                0x0000000008002940       0x48 ./Drivers/STM32F7xx_HAL_Driver/Src/stm32f7xx_hal_cortex.o
 .text.__NVIC_GetPriorityGrouping
                0x0000000008002988       0x1c ./Drivers/STM32F7xx_HAL_Driver/Src/stm32f7xx_hal_cortex.o
 .text.__NVIC_EnableIRQ
                0x00000000080029a4       0x3c ./Drivers/STM32F7xx_HAL_Driver/Src/stm32f7xx_hal_cortex.o
 .text.__NVIC_SetPriority
                0x00000000080029e0       0x54 ./Drivers/STM32F7xx_HAL_Driver/Src/stm32f7xx_hal_cortex.o
 .text.NVIC_EncodePriority
                0x0000000008002a34       0x66 ./Drivers/STM32F7xx_HAL_Driver/Src/stm32f7xx_hal_cortex.o
 *fill*         0x0000000008002a9a        0x2 
 .text.SysTick_Config
                0x0000000008002a9c       0x44 ./Drivers/STM32F7xx_HAL_Driver/Src/stm32f7xx_hal_cortex.o
 .text.HAL_NVIC_SetPriorityGrouping
                0x0000000008002ae0       0x16 ./Drivers/STM32F7xx_HAL_Driver/Src/stm32f7xx_hal_cortex.o
                0x0000000008002ae0                HAL_NVIC_SetPriorityGrouping
 .text.HAL_NVIC_SetPriority
                0x0000000008002af6       0x38 ./Drivers/STM32F7xx_HAL_Driver/Src/stm32f7xx_hal_cortex.o
                0x0000000008002af6                HAL_NVIC_SetPriority
 .text.HAL_NVIC_EnableIRQ
                0x0000000008002b2e       0x1c ./Drivers/STM32F7xx_HAL_Driver/Src/stm32f7xx_hal_cortex.o
                0x0000000008002b2e                HAL_NVIC_EnableIRQ
 .text.HAL_SYSTICK_Config
                0x0000000008002b4a       0x18 ./Drivers/STM32F7xx_HAL_Driver/Src/stm32f7xx_hal_cortex.o
                0x0000000008002b4a                HAL_SYSTICK_Config
 .text.HAL_DMA_Abort
                0x0000000008002b62       0xe0 ./Drivers/STM32F7xx_HAL_Driver/Src/stm32f7xx_hal_dma.o
                0x0000000008002b62                HAL_DMA_Abort
 .text.HAL_DMA_Abort_IT
                0x0000000008002c42       0x44 ./Drivers/STM32F7xx_HAL_Driver/Src/stm32f7xx_hal_dma.o
                0x0000000008002c42                HAL_DMA_Abort_IT
 *fill*         0x0000000008002c86        0x2 
 .text.HAL_GPIO_Init
                0x0000000008002c88      0x358 ./Drivers/STM32F7xx_HAL_Driver/Src/stm32f7xx_hal_gpio.o
                0x0000000008002c88                HAL_GPIO_Init
 .text.HAL_GPIO_ReadPin
                0x0000000008002fe0       0x30 ./Drivers/STM32F7xx_HAL_Driver/Src/stm32f7xx_hal_gpio.o
                0x0000000008002fe0                HAL_GPIO_ReadPin
 .text.HAL_GPIO_WritePin
                0x0000000008003010       0x32 ./Drivers/STM32F7xx_HAL_Driver/Src/stm32f7xx_hal_gpio.o
                0x0000000008003010                HAL_GPIO_WritePin
 *fill*         0x0000000008003042        0x2 
 .text.HAL_I2C_Init
                0x0000000008003044      0x120 ./Drivers/STM32F7xx_HAL_Driver/Src/stm32f7xx_hal_i2c.o
                0x0000000008003044                HAL_I2C_Init
 .text.HAL_I2C_Master_Transmit
                0x0000000008003164      0x1e8 ./Drivers/STM32F7xx_HAL_Driver/Src/stm32f7xx_hal_i2c.o
                0x0000000008003164                HAL_I2C_Master_Transmit
 .text.HAL_I2C_Master_Receive
                0x000000000800334c      0x1ec ./Drivers/STM32F7xx_HAL_Driver/Src/stm32f7xx_hal_i2c.o
                0x000000000800334c                HAL_I2C_Master_Receive
 .text.I2C_Flush_TXDR
                0x0000000008003538       0x48 ./Drivers/STM32F7xx_HAL_Driver/Src/stm32f7xx_hal_i2c.o
 .text.I2C_WaitOnFlagUntilTimeout
                0x0000000008003580       0x80 ./Drivers/STM32F7xx_HAL_Driver/Src/stm32f7xx_hal_i2c.o
 .text.I2C_WaitOnTXISFlagUntilTimeout
                0x0000000008003600       0x80 ./Drivers/STM32F7xx_HAL_Driver/Src/stm32f7xx_hal_i2c.o
 .text.I2C_WaitOnSTOPFlagUntilTimeout
                0x0000000008003680       0x78 ./Drivers/STM32F7xx_HAL_Driver/Src/stm32f7xx_hal_i2c.o
 .text.I2C_WaitOnRXNEFlagUntilTimeout
                0x00000000080036f8       0xd8 ./Drivers/STM32F7xx_HAL_Driver/Src/stm32f7xx_hal_i2c.o
 .text.I2C_IsAcknowledgeFailed
                0x00000000080037d0       0xcc ./Drivers/STM32F7xx_HAL_Driver/Src/stm32f7xx_hal_i2c.o
 .text.I2C_TransferConfig
                0x000000000800389c       0x5c ./Drivers/STM32F7xx_HAL_Driver/Src/stm32f7xx_hal_i2c.o
 .text.HAL_I2CEx_ConfigAnalogFilter
                0x00000000080038f8       0x96 ./Drivers/STM32F7xx_HAL_Driver/Src/stm32f7xx_hal_i2c_ex.o
                0x00000000080038f8                HAL_I2CEx_ConfigAnalogFilter
 .text.HAL_I2CEx_ConfigDigitalFilter
                0x000000000800398e       0x98 ./Drivers/STM32F7xx_HAL_Driver/Src/stm32f7xx_hal_i2c_ex.o
                0x000000000800398e                HAL_I2CEx_ConfigDigitalFilter
 .text.HAL_IWDG_Init
                0x0000000008003a26       0x9e ./Drivers/STM32F7xx_HAL_Driver/Src/stm32f7xx_hal_iwdg.o
                0x0000000008003a26                HAL_IWDG_Init
 .text.HAL_IWDG_Refresh
                0x0000000008003ac4       0x20 ./Drivers/STM32F7xx_HAL_Driver/Src/stm32f7xx_hal_iwdg.o
                0x0000000008003ac4                HAL_IWDG_Refresh
 .text.HAL_PWREx_EnableOverDrive
                0x0000000008003ae4       0xa0 ./Drivers/STM32F7xx_HAL_Driver/Src/stm32f7xx_hal_pwr_ex.o
                0x0000000008003ae4                HAL_PWREx_EnableOverDrive
 .text.HAL_RCC_OscConfig
                0x0000000008003b84      0x55c ./Drivers/STM32F7xx_HAL_Driver/Src/stm32f7xx_hal_rcc.o
                0x0000000008003b84                HAL_RCC_OscConfig
 .text.HAL_RCC_ClockConfig
                0x00000000080040e0      0x1d8 ./Drivers/STM32F7xx_HAL_Driver/Src/stm32f7xx_hal_rcc.o
                0x00000000080040e0                HAL_RCC_ClockConfig
 .text.HAL_RCC_GetSysClockFreq
                0x00000000080042b8      0x16c ./Drivers/STM32F7xx_HAL_Driver/Src/stm32f7xx_hal_rcc.o
                0x00000000080042b8                HAL_RCC_GetSysClockFreq
 .text.HAL_RCC_GetHCLKFreq
                0x0000000008004424       0x18 ./Drivers/STM32F7xx_HAL_Driver/Src/stm32f7xx_hal_rcc.o
                0x0000000008004424                HAL_RCC_GetHCLKFreq
 .text.HAL_RCC_GetPCLK1Freq
                0x000000000800443c       0x28 ./Drivers/STM32F7xx_HAL_Driver/Src/stm32f7xx_hal_rcc.o
                0x000000000800443c                HAL_RCC_GetPCLK1Freq
 .text.HAL_RCC_GetPCLK2Freq
                0x0000000008004464       0x28 ./Drivers/STM32F7xx_HAL_Driver/Src/stm32f7xx_hal_rcc.o
                0x0000000008004464                HAL_RCC_GetPCLK2Freq
 .text.HAL_RCCEx_PeriphCLKConfig
                0x000000000800448c      0x850 ./Drivers/STM32F7xx_HAL_Driver/Src/stm32f7xx_hal_rcc_ex.o
                0x000000000800448c                HAL_RCCEx_PeriphCLKConfig
 .text.HAL_TIM_Base_Init
                0x0000000008004cdc       0xae ./Drivers/STM32F7xx_HAL_Driver/Src/stm32f7xx_hal_tim.o
                0x0000000008004cdc                HAL_TIM_Base_Init
 *fill*         0x0000000008004d8a        0x2 
 .text.HAL_TIM_ConfigClockSource
                0x0000000008004d8c      0x18c ./Drivers/STM32F7xx_HAL_Driver/Src/stm32f7xx_hal_tim.o
                0x0000000008004d8c                HAL_TIM_ConfigClockSource
 .text.TIM_Base_SetConfig
                0x0000000008004f18      0x140 ./Drivers/STM32F7xx_HAL_Driver/Src/stm32f7xx_hal_tim.o
                0x0000000008004f18                TIM_Base_SetConfig
 .text.TIM_TI1_ConfigInputStage
                0x0000000008005058       0x5e ./Drivers/STM32F7xx_HAL_Driver/Src/stm32f7xx_hal_tim.o
 .text.TIM_TI2_ConfigInputStage
                0x00000000080050b6       0x60 ./Drivers/STM32F7xx_HAL_Driver/Src/stm32f7xx_hal_tim.o
 .text.TIM_ITRx_SetConfig
                0x0000000008005116       0x36 ./Drivers/STM32F7xx_HAL_Driver/Src/stm32f7xx_hal_tim.o
 .text.TIM_ETR_SetConfig
                0x000000000800514c       0x40 ./Drivers/STM32F7xx_HAL_Driver/Src/stm32f7xx_hal_tim.o
                0x000000000800514c                TIM_ETR_SetConfig
 .text.HAL_TIMEx_MasterConfigSynchronization
                0x000000000800518c      0x11c ./Drivers/STM32F7xx_HAL_Driver/Src/stm32f7xx_hal_tim_ex.o
                0x000000000800518c                HAL_TIMEx_MasterConfigSynchronization
 .text.HAL_UART_Init
                0x00000000080052a8       0x9c ./Drivers/STM32F7xx_HAL_Driver/Src/stm32f7xx_hal_uart.o
                0x00000000080052a8                HAL_UART_Init
 .text.HAL_UART_Transmit
                0x0000000008005344      0x126 ./Drivers/STM32F7xx_HAL_Driver/Src/stm32f7xx_hal_uart.o
                0x0000000008005344                HAL_UART_Transmit
 .text.HAL_UART_Receive_IT
                0x000000000800546a       0x7a ./Drivers/STM32F7xx_HAL_Driver/Src/stm32f7xx_hal_uart.o
                0x000000000800546a                HAL_UART_Receive_IT
 .text.HAL_UART_IRQHandler
                0x00000000080054e4      0x400 ./Drivers/STM32F7xx_HAL_Driver/Src/stm32f7xx_hal_uart.o
                0x00000000080054e4                HAL_UART_IRQHandler
 .text.HAL_UART_TxCpltCallback
                0x00000000080058e4       0x14 ./Drivers/STM32F7xx_HAL_Driver/Src/stm32f7xx_hal_uart.o
                0x00000000080058e4                HAL_UART_TxCpltCallback
 .text.HAL_UART_ErrorCallback
                0x00000000080058f8       0x14 ./Drivers/STM32F7xx_HAL_Driver/Src/stm32f7xx_hal_uart.o
                0x00000000080058f8                HAL_UART_ErrorCallback
 .text.HAL_UARTEx_RxEventCallback
                0x000000000800590c       0x18 ./Drivers/STM32F7xx_HAL_Driver/Src/stm32f7xx_hal_uart.o
                0x000000000800590c                HAL_UARTEx_RxEventCallback
 .text.HAL_UARTEx_WakeupCallback
                0x0000000008005924       0x14 ./Drivers/STM32F7xx_HAL_Driver/Src/stm32f7xx_hal_uart.o
                0x0000000008005924                HAL_UARTEx_WakeupCallback
 .text.HAL_UART_GetState
                0x0000000008005938       0x26 ./Drivers/STM32F7xx_HAL_Driver/Src/stm32f7xx_hal_uart.o
                0x0000000008005938                HAL_UART_GetState
 *fill*         0x000000000800595e        0x2 
 .text.UART_SetConfig
                0x0000000008005960      0x4c4 ./Drivers/STM32F7xx_HAL_Driver/Src/stm32f7xx_hal_uart.o
                0x0000000008005960                UART_SetConfig
 .text.UART_AdvFeatureConfig
                0x0000000008005e24      0x144 ./Drivers/STM32F7xx_HAL_Driver/Src/stm32f7xx_hal_uart.o
                0x0000000008005e24                UART_AdvFeatureConfig
 .text.UART_CheckIdleState
                0x0000000008005f68       0x92 ./Drivers/STM32F7xx_HAL_Driver/Src/stm32f7xx_hal_uart.o
                0x0000000008005f68                UART_CheckIdleState
 .text.UART_WaitOnFlagUntilTimeout
                0x0000000008005ffa       0xf8 ./Drivers/STM32F7xx_HAL_Driver/Src/stm32f7xx_hal_uart.o
                0x0000000008005ffa                UART_WaitOnFlagUntilTimeout
 *fill*         0x00000000080060f2        0x2 
 .text.UART_Start_Receive_IT
                0x00000000080060f4      0x110 ./Drivers/STM32F7xx_HAL_Driver/Src/stm32f7xx_hal_uart.o
                0x00000000080060f4                UART_Start_Receive_IT
 .text.UART_EndRxTransfer
                0x0000000008006204       0x5e ./Drivers/STM32F7xx_HAL_Driver/Src/stm32f7xx_hal_uart.o
 .text.UART_DMAAbortOnError
                0x0000000008006262       0x2c ./Drivers/STM32F7xx_HAL_Driver/Src/stm32f7xx_hal_uart.o
 .text.UART_EndTransmit_IT
                0x000000000800628e       0x32 ./Drivers/STM32F7xx_HAL_Driver/Src/stm32f7xx_hal_uart.o
 .text.UART_RxISR_8BIT
                0x00000000080062c0       0xd4 ./Drivers/STM32F7xx_HAL_Driver/Src/stm32f7xx_hal_uart.o
 .text.UART_RxISR_16BIT
                0x0000000008006394       0xd4 ./Drivers/STM32F7xx_HAL_Driver/Src/stm32f7xx_hal_uart.o
 .text.LL_GPIO_SetPinMode
                0x0000000008006468       0x5e ./Drivers/STM32F7xx_HAL_Driver/Src/stm32f7xx_ll_gpio.o
 .text.LL_GPIO_SetPinOutputType
                0x00000000080064c6       0x30 ./Drivers/STM32F7xx_HAL_Driver/Src/stm32f7xx_ll_gpio.o
 .text.LL_GPIO_SetPinSpeed
                0x00000000080064f6       0x5e ./Drivers/STM32F7xx_HAL_Driver/Src/stm32f7xx_ll_gpio.o
 .text.LL_GPIO_SetPinPull
                0x0000000008006554       0x5e ./Drivers/STM32F7xx_HAL_Driver/Src/stm32f7xx_ll_gpio.o
 .text.LL_GPIO_SetAFPin_0_7
                0x00000000080065b2       0x5e ./Drivers/STM32F7xx_HAL_Driver/Src/stm32f7xx_ll_gpio.o
 .text.LL_GPIO_SetAFPin_8_15
                0x0000000008006610       0x62 ./Drivers/STM32F7xx_HAL_Driver/Src/stm32f7xx_ll_gpio.o
 .text.LL_GPIO_Init
                0x0000000008006672       0xe8 ./Drivers/STM32F7xx_HAL_Driver/Src/stm32f7xx_ll_gpio.o
                0x0000000008006672                LL_GPIO_Init
 .text.LL_TIM_SetPrescaler
                0x000000000800675a       0x1c ./Drivers/STM32F7xx_HAL_Driver/Src/stm32f7xx_ll_tim.o
 .text.LL_TIM_SetAutoReload
                0x0000000008006776       0x1c ./Drivers/STM32F7xx_HAL_Driver/Src/stm32f7xx_ll_tim.o
 .text.LL_TIM_SetRepetitionCounter
                0x0000000008006792       0x1c ./Drivers/STM32F7xx_HAL_Driver/Src/stm32f7xx_ll_tim.o
 .text.LL_TIM_OC_SetCompareCH1
                0x00000000080067ae       0x1c ./Drivers/STM32F7xx_HAL_Driver/Src/stm32f7xx_ll_tim.o
 .text.LL_TIM_OC_SetCompareCH2
                0x00000000080067ca       0x1c ./Drivers/STM32F7xx_HAL_Driver/Src/stm32f7xx_ll_tim.o
 .text.LL_TIM_OC_SetCompareCH3
                0x00000000080067e6       0x1c ./Drivers/STM32F7xx_HAL_Driver/Src/stm32f7xx_ll_tim.o
 .text.LL_TIM_OC_SetCompareCH4
                0x0000000008006802       0x1c ./Drivers/STM32F7xx_HAL_Driver/Src/stm32f7xx_ll_tim.o
 .text.LL_TIM_OC_SetCompareCH5
                0x000000000800681e       0x20 ./Drivers/STM32F7xx_HAL_Driver/Src/stm32f7xx_ll_tim.o
 .text.LL_TIM_OC_SetCompareCH6
                0x000000000800683e       0x1c ./Drivers/STM32F7xx_HAL_Driver/Src/stm32f7xx_ll_tim.o
 .text.LL_TIM_GenerateEvent_UPDATE
                0x000000000800685a       0x20 ./Drivers/STM32F7xx_HAL_Driver/Src/stm32f7xx_ll_tim.o
 *fill*         0x000000000800687a        0x2 
 .text.LL_TIM_Init
                0x000000000800687c      0x134 ./Drivers/STM32F7xx_HAL_Driver/Src/stm32f7xx_ll_tim.o
                0x000000000800687c                LL_TIM_Init
 .text.LL_TIM_OC_Init
                0x00000000080069b0       0xbe ./Drivers/STM32F7xx_HAL_Driver/Src/stm32f7xx_ll_tim.o
                0x00000000080069b0                LL_TIM_OC_Init
 *fill*         0x0000000008006a6e        0x2 
 .text.LL_TIM_BDTR_Init
                0x0000000008006a70       0xf4 ./Drivers/STM32F7xx_HAL_Driver/Src/stm32f7xx_ll_tim.o
                0x0000000008006a70                LL_TIM_BDTR_Init
 .text.OC1Config
                0x0000000008006b64       0xdc ./Drivers/STM32F7xx_HAL_Driver/Src/stm32f7xx_ll_tim.o
 .text.OC2Config
                0x0000000008006c40       0xe4 ./Drivers/STM32F7xx_HAL_Driver/Src/stm32f7xx_ll_tim.o
 .text.OC3Config
                0x0000000008006d24       0xe4 ./Drivers/STM32F7xx_HAL_Driver/Src/stm32f7xx_ll_tim.o
 .text.OC4Config
                0x0000000008006e08       0xb4 ./Drivers/STM32F7xx_HAL_Driver/Src/stm32f7xx_ll_tim.o
 .text.OC5Config
                0x0000000008006ebc       0xa4 ./Drivers/STM32F7xx_HAL_Driver/Src/stm32f7xx_ll_tim.o
 .text.OC6Config
                0x0000000008006f60       0xa4 ./Drivers/STM32F7xx_HAL_Driver/Src/stm32f7xx_ll_tim.o
 .text.__libc_init_array
                0x0000000008007004       0x48 c:/st/stm32cubeide_1.5.1/stm32cubeide/plugins/com.st.stm32cube.ide.mcu.externaltools.gnu-tools-for-stm32.9-2020-q2-update.win32_2.0.0.202105311346/tools/bin/../lib/gcc/arm-none-eabi/9.3.1/../../../../arm-none-eabi/lib/thumb/v7e-m+dp/hard\libc_nano.a(lib_a-init.o)
                0x0000000008007004                __libc_init_array
 .text.__itoa   0x000000000800704c       0x30 c:/st/stm32cubeide_1.5.1/stm32cubeide/plugins/com.st.stm32cube.ide.mcu.externaltools.gnu-tools-for-stm32.9-2020-q2-update.win32_2.0.0.202105311346/tools/bin/../lib/gcc/arm-none-eabi/9.3.1/../../../../arm-none-eabi/lib/thumb/v7e-m+dp/hard\libc_nano.a(lib_a-itoa.o)
                0x000000000800704c                __itoa
 .text.itoa     0x000000000800707c        0x4 c:/st/stm32cubeide_1.5.1/stm32cubeide/plugins/com.st.stm32cube.ide.mcu.externaltools.gnu-tools-for-stm32.9-2020-q2-update.win32_2.0.0.202105311346/tools/bin/../lib/gcc/arm-none-eabi/9.3.1/../../../../arm-none-eabi/lib/thumb/v7e-m+dp/hard\libc_nano.a(lib_a-itoa.o)
                0x000000000800707c                itoa
 .text.memset   0x0000000008007080       0x10 c:/st/stm32cubeide_1.5.1/stm32cubeide/plugins/com.st.stm32cube.ide.mcu.externaltools.gnu-tools-for-stm32.9-2020-q2-update.win32_2.0.0.202105311346/tools/bin/../lib/gcc/arm-none-eabi/9.3.1/../../../../arm-none-eabi/lib/thumb/v7e-m+dp/hard\libc_nano.a(lib_a-memset.o)
                0x0000000008007080                memset
 .text.__utoa   0x0000000008007090       0x84 c:/st/stm32cubeide_1.5.1/stm32cubeide/plugins/com.st.stm32cube.ide.mcu.externaltools.gnu-tools-for-stm32.9-2020-q2-update.win32_2.0.0.202105311346/tools/bin/../lib/gcc/arm-none-eabi/9.3.1/../../../../arm-none-eabi/lib/thumb/v7e-m+dp/hard\libc_nano.a(lib_a-utoa.o)
                0x0000000008007090                __utoa
 *(.glue_7)
 .glue_7        0x0000000008007114        0x0 linker stubs
 *(.glue_7t)
 .glue_7t       0x0000000008007114        0x0 linker stubs
 *(.eh_frame)
 .eh_frame      0x0000000008007114        0x0 c:/st/stm32cubeide_1.5.1/stm32cubeide/plugins/com.st.stm32cube.ide.mcu.externaltools.gnu-tools-for-stm32.9-2020-q2-update.win32_2.0.0.202105311346/tools/bin/../lib/gcc/arm-none-eabi/9.3.1/thumb/v7e-m+dp/hard/crtbegin.o
 *(.init)
 .init          0x0000000008007114        0x4 c:/st/stm32cubeide_1.5.1/stm32cubeide/plugins/com.st.stm32cube.ide.mcu.externaltools.gnu-tools-for-stm32.9-2020-q2-update.win32_2.0.0.202105311346/tools/bin/../lib/gcc/arm-none-eabi/9.3.1/thumb/v7e-m+dp/hard/crti.o
                0x0000000008007114                _init
 .init          0x0000000008007118        0x8 c:/st/stm32cubeide_1.5.1/stm32cubeide/plugins/com.st.stm32cube.ide.mcu.externaltools.gnu-tools-for-stm32.9-2020-q2-update.win32_2.0.0.202105311346/tools/bin/../lib/gcc/arm-none-eabi/9.3.1/thumb/v7e-m+dp/hard/crtn.o
 *(.fini)
 .fini          0x0000000008007120        0x4 c:/st/stm32cubeide_1.5.1/stm32cubeide/plugins/com.st.stm32cube.ide.mcu.externaltools.gnu-tools-for-stm32.9-2020-q2-update.win32_2.0.0.202105311346/tools/bin/../lib/gcc/arm-none-eabi/9.3.1/thumb/v7e-m+dp/hard/crti.o
                0x0000000008007120                _fini
 .fini          0x0000000008007124        0x8 c:/st/stm32cubeide_1.5.1/stm32cubeide/plugins/com.st.stm32cube.ide.mcu.externaltools.gnu-tools-for-stm32.9-2020-q2-update.win32_2.0.0.202105311346/tools/bin/../lib/gcc/arm-none-eabi/9.3.1/thumb/v7e-m+dp/hard/crtn.o
                0x000000000800712c                . = ALIGN (0x4)
                0x000000000800712c                _etext = .

.vfp11_veneer   0x000000000800712c        0x0
 .vfp11_veneer  0x000000000800712c        0x0 linker stubs

.v4_bx          0x000000000800712c        0x0
 .v4_bx         0x000000000800712c        0x0 linker stubs

.iplt           0x000000000800712c        0x0
 .iplt          0x000000000800712c        0x0 c:/st/stm32cubeide_1.5.1/stm32cubeide/plugins/com.st.stm32cube.ide.mcu.externaltools.gnu-tools-for-stm32.9-2020-q2-update.win32_2.0.0.202105311346/tools/bin/../lib/gcc/arm-none-eabi/9.3.1/thumb/v7e-m+dp/hard/crtbegin.o

.rodata         0x000000000800712c       0x60
                0x000000000800712c                . = ALIGN (0x4)
 *(.rodata)
 *(.rodata*)
 .rodata.AHBPrescTable
                0x000000000800712c       0x10 ./Core/Src/system_stm32f7xx.o
                0x000000000800712c                AHBPrescTable
 .rodata.APBPrescTable
                0x000000000800713c        0x8 ./Core/Src/system_stm32f7xx.o
                0x000000000800713c                APBPrescTable
 .rodata.OFFSET_TAB_CCMRx
                0x0000000008007144        0x9 ./Core/Src/tim.o
 *fill*         0x000000000800714d        0x3 
 .rodata.SHIFT_TAB_OCxx
                0x0000000008007150        0x9 ./Core/Src/tim.o
 *fill*         0x0000000008007159        0x3 
 .rodata.STREAM_OFFSET_TAB
                0x000000000800715c        0x8 ./Core/Src/tim.o
 .rodata.__utoa.str1.1
                0x0000000008007164       0x25 c:/st/stm32cubeide_1.5.1/stm32cubeide/plugins/com.st.stm32cube.ide.mcu.externaltools.gnu-tools-for-stm32.9-2020-q2-update.win32_2.0.0.202105311346/tools/bin/../lib/gcc/arm-none-eabi/9.3.1/../../../../arm-none-eabi/lib/thumb/v7e-m+dp/hard\libc_nano.a(lib_a-utoa.o)
                0x000000000800718c                . = ALIGN (0x4)
 *fill*         0x0000000008007189        0x3 

.ARM.extab      0x000000000800718c        0x0
                0x000000000800718c                . = ALIGN (0x4)
 *(.ARM.extab* .gnu.linkonce.armextab.*)
                0x000000000800718c                . = ALIGN (0x4)

.ARM            0x000000000800718c        0x8
                0x000000000800718c                . = ALIGN (0x4)
                0x000000000800718c                __exidx_start = .
 *(.ARM.exidx*)
 .ARM.exidx     0x000000000800718c        0x8 c:/st/stm32cubeide_1.5.1/stm32cubeide/plugins/com.st.stm32cube.ide.mcu.externaltools.gnu-tools-for-stm32.9-2020-q2-update.win32_2.0.0.202105311346/tools/bin/../lib/gcc/arm-none-eabi/9.3.1/thumb/v7e-m+dp/hard\libgcc.a(_udivmoddi4.o)
                0x0000000008007194                __exidx_end = .
                0x0000000008007194                . = ALIGN (0x4)

.rel.dyn        0x0000000008007194        0x0
 .rel.iplt      0x0000000008007194        0x0 c:/st/stm32cubeide_1.5.1/stm32cubeide/plugins/com.st.stm32cube.ide.mcu.externaltools.gnu-tools-for-stm32.9-2020-q2-update.win32_2.0.0.202105311346/tools/bin/../lib/gcc/arm-none-eabi/9.3.1/thumb/v7e-m+dp/hard/crtbegin.o

.preinit_array  0x0000000008007194        0x0
                0x0000000008007194                . = ALIGN (0x4)
                0x0000000008007194                PROVIDE (__preinit_array_start = .)
 *(.preinit_array*)
                0x0000000008007194                PROVIDE (__preinit_array_end = .)
                0x0000000008007194                . = ALIGN (0x4)

.init_array     0x0000000008007194        0x4
                0x0000000008007194                . = ALIGN (0x4)
                0x0000000008007194                PROVIDE (__init_array_start = .)
 *(SORT_BY_NAME(.init_array.*))
 *(.init_array*)
 .init_array    0x0000000008007194        0x4 c:/st/stm32cubeide_1.5.1/stm32cubeide/plugins/com.st.stm32cube.ide.mcu.externaltools.gnu-tools-for-stm32.9-2020-q2-update.win32_2.0.0.202105311346/tools/bin/../lib/gcc/arm-none-eabi/9.3.1/thumb/v7e-m+dp/hard/crtbegin.o
                0x0000000008007198                PROVIDE (__init_array_end = .)
                0x0000000008007198                . = ALIGN (0x4)

.fini_array     0x0000000008007198        0x4
                0x0000000008007198                . = ALIGN (0x4)
                [!provide]                        PROVIDE (__fini_array_start = .)
 *(SORT_BY_NAME(.fini_array.*))
 *(.fini_array*)
 .fini_array    0x0000000008007198        0x4 c:/st/stm32cubeide_1.5.1/stm32cubeide/plugins/com.st.stm32cube.ide.mcu.externaltools.gnu-tools-for-stm32.9-2020-q2-update.win32_2.0.0.202105311346/tools/bin/../lib/gcc/arm-none-eabi/9.3.1/thumb/v7e-m+dp/hard/crtbegin.o
                [!provide]                        PROVIDE (__fini_array_end = .)
                0x000000000800719c                . = ALIGN (0x4)
                0x000000000800719c                _sidata = LOADADDR (.data)

.data           0x0000000020000000       0x10 load address 0x000000000800719c
                0x0000000020000000                . = ALIGN (0x4)
                0x0000000020000000                _sdata = .
 *(.data)
 *(.data*)
 .data.motor_flip_m1
                0x0000000020000000        0x1 ./Core/Src/odom.o
                0x0000000020000000                motor_flip_m1
 .data.motor_flip_m2
                0x0000000020000001        0x1 ./Core/Src/odom.o
                0x0000000020000001                motor_flip_m2
 *fill*         0x0000000020000002        0x2 
 .data.SystemCoreClock
                0x0000000020000004        0x4 ./Core/Src/system_stm32f7xx.o
                0x0000000020000004                SystemCoreClock
 .data.uwTickPrio
                0x0000000020000008        0x4 ./Drivers/STM32F7xx_HAL_Driver/Src/stm32f7xx_hal.o
                0x0000000020000008                uwTickPrio
 .data.uwTickFreq
                0x000000002000000c        0x1 ./Drivers/STM32F7xx_HAL_Driver/Src/stm32f7xx_hal.o
                0x000000002000000c                uwTickFreq
 *(.RamFunc)
 *(.RamFunc*)
                0x0000000020000010                . = ALIGN (0x4)
 *fill*         0x000000002000000d        0x3 
                0x0000000020000010                _edata = .

.igot.plt       0x0000000020000010        0x0 load address 0x00000000080071ac
 .igot.plt      0x0000000020000010        0x0 c:/st/stm32cubeide_1.5.1/stm32cubeide/plugins/com.st.stm32cube.ide.mcu.externaltools.gnu-tools-for-stm32.9-2020-q2-update.win32_2.0.0.202105311346/tools/bin/../lib/gcc/arm-none-eabi/9.3.1/thumb/v7e-m+dp/hard/crtbegin.o
                0x0000000020000010                . = ALIGN (0x4)

.bss            0x0000000020000010      0x370 load address 0x00000000080071ac
                0x0000000020000010                _sbss = .
                0x0000000020000010                __bss_start__ = _sbss
 *(.bss)
 .bss           0x0000000020000010       0x1c c:/st/stm32cubeide_1.5.1/stm32cubeide/plugins/com.st.stm32cube.ide.mcu.externaltools.gnu-tools-for-stm32.9-2020-q2-update.win32_2.0.0.202105311346/tools/bin/../lib/gcc/arm-none-eabi/9.3.1/thumb/v7e-m+dp/hard/crtbegin.o
 *(.bss*)
 .bss.ibus_rx_buffer
                0x000000002000002c       0x28 ./Core/Src/iBus.o
                0x000000002000002c                ibus_rx_buffer
 .bss.ibus_rx_flags
                0x0000000020000054        0x1 ./Core/Src/iBus.o
                0x0000000020000054                ibus_rx_flags
 .bss.encoder_pos_delta
                0x0000000020000055        0x1 ./Core/Src/odom.o
                0x0000000020000055                encoder_pos_delta
 .bss.encoder_pos_sum
                0x0000000020000056        0x1 ./Core/Src/odom.o
                0x0000000020000056                encoder_pos_sum
 .bss.dir       0x0000000020000057        0x1 ./Core/Src/odom.o
                0x0000000020000057                dir
 .bss.encoder_pos_previous_m1.11681
                0x0000000020000058        0x1 ./Core/Src/odom.o
 .bss.encoder_pos_previous_m2.11685
                0x0000000020000059        0x1 ./Core/Src/odom.o
 *fill*         0x000000002000005a        0x2 
 .bss.zero_time1
                0x000000002000005c        0x4 ./Core/Src/sonar.o
                0x000000002000005c                zero_time1
 .bss.zero_time2
                0x0000000020000060        0x4 ./Core/Src/sonar.o
                0x0000000020000060                zero_time2
 .bss.zero_time3
                0x0000000020000064        0x4 ./Core/Src/sonar.o
                0x0000000020000064                zero_time3
 .bss.run_once.11694
                0x0000000020000068        0x1 ./Core/Src/sonar.o
 .bss.run_once1.11702
                0x0000000020000069        0x1 ./Core/Src/sonar.o
 .bss.run_once2.11710
                0x000000002000006a        0x1 ./Core/Src/sonar.o
 *(COMMON)
 *fill*         0x000000002000006b        0x1 
 COMMON         0x000000002000006c       0x98 ./Core/Src/i2c.o
                0x000000002000006c                hi2c1
                0x00000000200000b8                hi2c2
 COMMON         0x0000000020000104       0x84 ./Core/Src/iBus.o
                0x0000000020000104                huart7
 COMMON         0x0000000020000188       0x10 ./Core/Src/iwdg.o
                0x0000000020000188                hiwdg
 COMMON         0x0000000020000198      0x112 ./Core/Src/main.o
                0x0000000020000198                huart3
                0x000000002000021c                huart2
                0x00000000200002a0                rec_data
 COMMON         0x00000000200002aa        0x4 ./Core/Src/odom.o
                0x00000000200002aa                HSV_Val
                0x00000000200002ab                HSU_Val
                0x00000000200002ac                encoder_pos
                0x00000000200002ad                HSW_Val
 *fill*         0x00000000200002ae        0x2 
 COMMON         0x00000000200002b0       0x98 ./Core/Src/tim.o
                0x00000000200002b0                htim4
                0x00000000200002fc                htim3
 COMMON         0x0000000020000348       0x32 ./Core/Src/tof.o
                0x0000000020000348                ArduinoProMicroI2CData
 *fill*         0x000000002000037a        0x2 
 COMMON         0x000000002000037c        0x4 ./Drivers/STM32F7xx_HAL_Driver/Src/stm32f7xx_hal.o
                0x000000002000037c                uwTick
                0x0000000020000380                . = ALIGN (0x4)
                0x0000000020000380                _ebss = .
                0x0000000020000380                __bss_end__ = _ebss

._user_heap_stack
                0x0000000020000380      0x600 load address 0x00000000080071ac
                0x0000000020000380                . = ALIGN (0x8)
                [!provide]                        PROVIDE (end = .)
                0x0000000020000380                PROVIDE (_end = .)
                0x0000000020000580                . = (. + _Min_Heap_Size)
 *fill*         0x0000000020000380      0x200 
                0x0000000020000980                . = (. + _Min_Stack_Size)
 *fill*         0x0000000020000580      0x400 
                0x0000000020000980                . = ALIGN (0x8)

/DISCARD/
 libc.a(*)
 libm.a(*)
 libgcc.a(*)

.ARM.attributes
                0x0000000000000000       0x2e
 *(.ARM.attributes)
 .ARM.attributes
                0x0000000000000000       0x1e c:/st/stm32cubeide_1.5.1/stm32cubeide/plugins/com.st.stm32cube.ide.mcu.externaltools.gnu-tools-for-stm32.9-2020-q2-update.win32_2.0.0.202105311346/tools/bin/../lib/gcc/arm-none-eabi/9.3.1/thumb/v7e-m+dp/hard/crti.o
 .ARM.attributes
                0x000000000000001e       0x32 c:/st/stm32cubeide_1.5.1/stm32cubeide/plugins/com.st.stm32cube.ide.mcu.externaltools.gnu-tools-for-stm32.9-2020-q2-update.win32_2.0.0.202105311346/tools/bin/../lib/gcc/arm-none-eabi/9.3.1/thumb/v7e-m+dp/hard/crtbegin.o
 .ARM.attributes
                0x0000000000000050       0x32 ./Core/Src/dma.o
 .ARM.attributes
                0x0000000000000082       0x32 ./Core/Src/gpio.o
 .ARM.attributes
                0x00000000000000b4       0x32 ./Core/Src/i2c.o
 .ARM.attributes
                0x00000000000000e6       0x32 ./Core/Src/iBus.o
 .ARM.attributes
                0x0000000000000118       0x32 ./Core/Src/iwdg.o
 .ARM.attributes
                0x000000000000014a       0x32 ./Core/Src/main.o
 .ARM.attributes
                0x000000000000017c       0x32 ./Core/Src/minion_drive.o
 .ARM.attributes
                0x00000000000001ae       0x32 ./Core/Src/modes.o
 .ARM.attributes
                0x00000000000001e0       0x32 ./Core/Src/odom.o
 .ARM.attributes
                0x0000000000000212       0x32 ./Core/Src/sonar.o
 .ARM.attributes
                0x0000000000000244       0x32 ./Core/Src/stm32f7xx_hal_msp.o
 .ARM.attributes
                0x0000000000000276       0x32 ./Core/Src/stm32f7xx_it.o
 .ARM.attributes
                0x00000000000002a8       0x32 ./Core/Src/system_stm32f7xx.o
 .ARM.attributes
                0x00000000000002da       0x32 ./Core/Src/tim.o
 .ARM.attributes
                0x000000000000030c       0x32 ./Core/Src/tof.o
 .ARM.attributes
                0x000000000000033e       0x32 ./Core/Src/usart.o
 .ARM.attributes
                0x0000000000000370       0x21 ./Core/Startup/startup_stm32f767zitx.o
 .ARM.attributes
                0x0000000000000391       0x32 ./Drivers/STM32F7xx_HAL_Driver/Src/stm32f7xx_hal.o
 .ARM.attributes
                0x00000000000003c3       0x32 ./Drivers/STM32F7xx_HAL_Driver/Src/stm32f7xx_hal_cortex.o
 .ARM.attributes
                0x00000000000003f5       0x32 ./Drivers/STM32F7xx_HAL_Driver/Src/stm32f7xx_hal_dma.o
 .ARM.attributes
                0x0000000000000427       0x32 ./Drivers/STM32F7xx_HAL_Driver/Src/stm32f7xx_hal_gpio.o
 .ARM.attributes
                0x0000000000000459       0x32 ./Drivers/STM32F7xx_HAL_Driver/Src/stm32f7xx_hal_i2c.o
 .ARM.attributes
                0x000000000000048b       0x32 ./Drivers/STM32F7xx_HAL_Driver/Src/stm32f7xx_hal_i2c_ex.o
 .ARM.attributes
                0x00000000000004bd       0x32 ./Drivers/STM32F7xx_HAL_Driver/Src/stm32f7xx_hal_iwdg.o
 .ARM.attributes
                0x00000000000004ef       0x32 ./Drivers/STM32F7xx_HAL_Driver/Src/stm32f7xx_hal_pwr_ex.o
 .ARM.attributes
                0x0000000000000521       0x32 ./Drivers/STM32F7xx_HAL_Driver/Src/stm32f7xx_hal_rcc.o
 .ARM.attributes
                0x0000000000000553       0x32 ./Drivers/STM32F7xx_HAL_Driver/Src/stm32f7xx_hal_rcc_ex.o
 .ARM.attributes
                0x0000000000000585       0x32 ./Drivers/STM32F7xx_HAL_Driver/Src/stm32f7xx_hal_tim.o
 .ARM.attributes
                0x00000000000005b7       0x32 ./Drivers/STM32F7xx_HAL_Driver/Src/stm32f7xx_hal_tim_ex.o
 .ARM.attributes
                0x00000000000005e9       0x32 ./Drivers/STM32F7xx_HAL_Driver/Src/stm32f7xx_hal_uart.o
 .ARM.attributes
                0x000000000000061b       0x32 ./Drivers/STM32F7xx_HAL_Driver/Src/stm32f7xx_ll_gpio.o
 .ARM.attributes
                0x000000000000064d       0x32 ./Drivers/STM32F7xx_HAL_Driver/Src/stm32f7xx_ll_tim.o
 .ARM.attributes
                0x000000000000067f       0x32 c:/st/stm32cubeide_1.5.1/stm32cubeide/plugins/com.st.stm32cube.ide.mcu.externaltools.gnu-tools-for-stm32.9-2020-q2-update.win32_2.0.0.202105311346/tools/bin/../lib/gcc/arm-none-eabi/9.3.1/../../../../arm-none-eabi/lib/thumb/v7e-m+dp/hard\libc_nano.a(lib_a-init.o)
 .ARM.attributes
                0x00000000000006b1       0x32 c:/st/stm32cubeide_1.5.1/stm32cubeide/plugins/com.st.stm32cube.ide.mcu.externaltools.gnu-tools-for-stm32.9-2020-q2-update.win32_2.0.0.202105311346/tools/bin/../lib/gcc/arm-none-eabi/9.3.1/../../../../arm-none-eabi/lib/thumb/v7e-m+dp/hard\libc_nano.a(lib_a-itoa.o)
 .ARM.attributes
                0x00000000000006e3       0x32 c:/st/stm32cubeide_1.5.1/stm32cubeide/plugins/com.st.stm32cube.ide.mcu.externaltools.gnu-tools-for-stm32.9-2020-q2-update.win32_2.0.0.202105311346/tools/bin/../lib/gcc/arm-none-eabi/9.3.1/../../../../arm-none-eabi/lib/thumb/v7e-m+dp/hard\libc_nano.a(lib_a-memset.o)
 .ARM.attributes
                0x0000000000000715       0x32 c:/st/stm32cubeide_1.5.1/stm32cubeide/plugins/com.st.stm32cube.ide.mcu.externaltools.gnu-tools-for-stm32.9-2020-q2-update.win32_2.0.0.202105311346/tools/bin/../lib/gcc/arm-none-eabi/9.3.1/../../../../arm-none-eabi/lib/thumb/v7e-m+dp/hard\libc_nano.a(lib_a-utoa.o)
 .ARM.attributes
                0x0000000000000747       0x1e c:/st/stm32cubeide_1.5.1/stm32cubeide/plugins/com.st.stm32cube.ide.mcu.externaltools.gnu-tools-for-stm32.9-2020-q2-update.win32_2.0.0.202105311346/tools/bin/../lib/gcc/arm-none-eabi/9.3.1/thumb/v7e-m+dp/hard\libgcc.a(_aeabi_uldivmod.o)
 .ARM.attributes
                0x0000000000000765       0x32 c:/st/stm32cubeide_1.5.1/stm32cubeide/plugins/com.st.stm32cube.ide.mcu.externaltools.gnu-tools-for-stm32.9-2020-q2-update.win32_2.0.0.202105311346/tools/bin/../lib/gcc/arm-none-eabi/9.3.1/thumb/v7e-m+dp/hard\libgcc.a(_udivmoddi4.o)
 .ARM.attributes
                0x0000000000000797       0x1e c:/st/stm32cubeide_1.5.1/stm32cubeide/plugins/com.st.stm32cube.ide.mcu.externaltools.gnu-tools-for-stm32.9-2020-q2-update.win32_2.0.0.202105311346/tools/bin/../lib/gcc/arm-none-eabi/9.3.1/thumb/v7e-m+dp/hard\libgcc.a(_dvmd_tls.o)
 .ARM.attributes
                0x00000000000007b5       0x1e c:/st/stm32cubeide_1.5.1/stm32cubeide/plugins/com.st.stm32cube.ide.mcu.externaltools.gnu-tools-for-stm32.9-2020-q2-update.win32_2.0.0.202105311346/tools/bin/../lib/gcc/arm-none-eabi/9.3.1/thumb/v7e-m+dp/hard/crtn.o
OUTPUT(minion_medulla_oblangata.elf elf32-littlearm)
LOAD linker stubs
LOAD c:/st/stm32cubeide_1.5.1/stm32cubeide/plugins/com.st.stm32cube.ide.mcu.externaltools.gnu-tools-for-stm32.9-2020-q2-update.win32_2.0.0.202105311346/tools/bin/../lib/gcc/arm-none-eabi/9.3.1/../../../../arm-none-eabi/lib/thumb/v7e-m+dp/hard\libc.a
LOAD c:/st/stm32cubeide_1.5.1/stm32cubeide/plugins/com.st.stm32cube.ide.mcu.externaltools.gnu-tools-for-stm32.9-2020-q2-update.win32_2.0.0.202105311346/tools/bin/../lib/gcc/arm-none-eabi/9.3.1/../../../../arm-none-eabi/lib/thumb/v7e-m+dp/hard\libm.a
LOAD c:/st/stm32cubeide_1.5.1/stm32cubeide/plugins/com.st.stm32cube.ide.mcu.externaltools.gnu-tools-for-stm32.9-2020-q2-update.win32_2.0.0.202105311346/tools/bin/../lib/gcc/arm-none-eabi/9.3.1/thumb/v7e-m+dp/hard\libgcc.a

.debug_info     0x0000000000000000    0x1a781
 .debug_info    0x0000000000000000      0xcdf ./Core/Src/dma.o
 .debug_info    0x0000000000000cdf      0x63b ./Core/Src/gpio.o
 .debug_info    0x000000000000131a      0xbed ./Core/Src/i2c.o
 .debug_info    0x0000000000001f07      0xa44 ./Core/Src/iBus.o
 .debug_info    0x000000000000294b      0x349 ./Core/Src/iwdg.o
 .debug_info    0x0000000000002c94     0x23c4 ./Core/Src/main.o
 .debug_info    0x0000000000005058      0xc6e ./Core/Src/minion_drive.o
 .debug_info    0x0000000000005cc6      0x10b ./Core/Src/modes.o
 .debug_info    0x0000000000005dd1      0x419 ./Core/Src/odom.o
 .debug_info    0x00000000000061ea      0xa07 ./Core/Src/sonar.o
 .debug_info    0x0000000000006bf1      0x466 ./Core/Src/stm32f7xx_hal_msp.o
 .debug_info    0x0000000000007057      0x955 ./Core/Src/stm32f7xx_it.o
 .debug_info    0x00000000000079ac      0x7ad ./Core/Src/system_stm32f7xx.o
 .debug_info    0x0000000000008159     0x1ca3 ./Core/Src/tim.o
 .debug_info    0x0000000000009dfc      0x835 ./Core/Src/tof.o
 .debug_info    0x000000000000a631      0xeef ./Core/Src/usart.o
 .debug_info    0x000000000000b520       0x22 ./Core/Startup/startup_stm32f767zitx.o
 .debug_info    0x000000000000b542      0xab8 ./Drivers/STM32F7xx_HAL_Driver/Src/stm32f7xx_hal.o
 .debug_info    0x000000000000bffa     0x1158 ./Drivers/STM32F7xx_HAL_Driver/Src/stm32f7xx_hal_cortex.o
 .debug_info    0x000000000000d152      0x9f1 ./Drivers/STM32F7xx_HAL_Driver/Src/stm32f7xx_hal_dma.o
 .debug_info    0x000000000000db43      0x876 ./Drivers/STM32F7xx_HAL_Driver/Src/stm32f7xx_hal_gpio.o
 .debug_info    0x000000000000e3b9     0x221e ./Drivers/STM32F7xx_HAL_Driver/Src/stm32f7xx_hal_i2c.o
 .debug_info    0x00000000000105d7      0xa9c ./Drivers/STM32F7xx_HAL_Driver/Src/stm32f7xx_hal_i2c_ex.o
 .debug_info    0x0000000000011073      0x2e8 ./Drivers/STM32F7xx_HAL_Driver/Src/stm32f7xx_hal_iwdg.o
 .debug_info    0x000000000001135b      0x9f6 ./Drivers/STM32F7xx_HAL_Driver/Src/stm32f7xx_hal_pwr_ex.o
 .debug_info    0x0000000000011d51      0xa28 ./Drivers/STM32F7xx_HAL_Driver/Src/stm32f7xx_hal_rcc.o
 .debug_info    0x0000000000012779      0x853 ./Drivers/STM32F7xx_HAL_Driver/Src/stm32f7xx_hal_rcc_ex.o
 .debug_info    0x0000000000012fcc     0x2bc9 ./Drivers/STM32F7xx_HAL_Driver/Src/stm32f7xx_hal_tim.o
 .debug_info    0x0000000000015b95     0x1703 ./Drivers/STM32F7xx_HAL_Driver/Src/stm32f7xx_hal_tim_ex.o
 .debug_info    0x0000000000017298     0x1974 ./Drivers/STM32F7xx_HAL_Driver/Src/stm32f7xx_hal_uart.o
 .debug_info    0x0000000000018c0c      0x946 ./Drivers/STM32F7xx_HAL_Driver/Src/stm32f7xx_ll_gpio.o
 .debug_info    0x0000000000019552     0x122f ./Drivers/STM32F7xx_HAL_Driver/Src/stm32f7xx_ll_tim.o

.debug_abbrev   0x0000000000000000     0x3b82
 .debug_abbrev  0x0000000000000000      0x1c9 ./Core/Src/dma.o
 .debug_abbrev  0x00000000000001c9      0x14e ./Core/Src/gpio.o
 .debug_abbrev  0x0000000000000317      0x1c6 ./Core/Src/i2c.o
 .debug_abbrev  0x00000000000004dd      0x1ea ./Core/Src/iBus.o
 .debug_abbrev  0x00000000000006c7      0x141 ./Core/Src/iwdg.o
 .debug_abbrev  0x0000000000000808      0x2ff ./Core/Src/main.o
 .debug_abbrev  0x0000000000000b07      0x1fd ./Core/Src/minion_drive.o
 .debug_abbrev  0x0000000000000d04       0xa5 ./Core/Src/modes.o
 .debug_abbrev  0x0000000000000da9      0x160 ./Core/Src/odom.o
 .debug_abbrev  0x0000000000000f09      0x1b6 ./Core/Src/sonar.o
 .debug_abbrev  0x00000000000010bf      0x11d ./Core/Src/stm32f7xx_hal_msp.o
 .debug_abbrev  0x00000000000011dc      0x1a8 ./Core/Src/stm32f7xx_it.o
 .debug_abbrev  0x0000000000001384      0x165 ./Core/Src/system_stm32f7xx.o
 .debug_abbrev  0x00000000000014e9      0x2a1 ./Core/Src/tim.o
 .debug_abbrev  0x000000000000178a      0x178 ./Core/Src/tof.o
 .debug_abbrev  0x0000000000001902      0x1c4 ./Core/Src/usart.o
 .debug_abbrev  0x0000000000001ac6       0x12 ./Core/Startup/startup_stm32f767zitx.o
 .debug_abbrev  0x0000000000001ad8      0x1ed ./Drivers/STM32F7xx_HAL_Driver/Src/stm32f7xx_hal.o
 .debug_abbrev  0x0000000000001cc5      0x33c ./Drivers/STM32F7xx_HAL_Driver/Src/stm32f7xx_hal_cortex.o
 .debug_abbrev  0x0000000000002001      0x259 ./Drivers/STM32F7xx_HAL_Driver/Src/stm32f7xx_hal_dma.o
 .debug_abbrev  0x000000000000225a      0x1f1 ./Drivers/STM32F7xx_HAL_Driver/Src/stm32f7xx_hal_gpio.o
 .debug_abbrev  0x000000000000244b      0x256 ./Drivers/STM32F7xx_HAL_Driver/Src/stm32f7xx_hal_i2c.o
 .debug_abbrev  0x00000000000026a1      0x1bb ./Drivers/STM32F7xx_HAL_Driver/Src/stm32f7xx_hal_i2c_ex.o
 .debug_abbrev  0x000000000000285c      0x174 ./Drivers/STM32F7xx_HAL_Driver/Src/stm32f7xx_hal_iwdg.o
 .debug_abbrev  0x00000000000029d0      0x1dc ./Drivers/STM32F7xx_HAL_Driver/Src/stm32f7xx_hal_pwr_ex.o
 .debug_abbrev  0x0000000000002bac      0x29c ./Drivers/STM32F7xx_HAL_Driver/Src/stm32f7xx_hal_rcc.o
 .debug_abbrev  0x0000000000002e48      0x1d1 ./Drivers/STM32F7xx_HAL_Driver/Src/stm32f7xx_hal_rcc_ex.o
 .debug_abbrev  0x0000000000003019      0x25e ./Drivers/STM32F7xx_HAL_Driver/Src/stm32f7xx_hal_tim.o
 .debug_abbrev  0x0000000000003277      0x266 ./Drivers/STM32F7xx_HAL_Driver/Src/stm32f7xx_hal_tim_ex.o
 .debug_abbrev  0x00000000000034dd      0x23f ./Drivers/STM32F7xx_HAL_Driver/Src/stm32f7xx_hal_uart.o
 .debug_abbrev  0x000000000000371c      0x23b ./Drivers/STM32F7xx_HAL_Driver/Src/stm32f7xx_ll_gpio.o
 .debug_abbrev  0x0000000000003957      0x22b ./Drivers/STM32F7xx_HAL_Driver/Src/stm32f7xx_ll_tim.o

.debug_aranges  0x0000000000000000     0x14e8
 .debug_aranges
                0x0000000000000000       0x40 ./Core/Src/dma.o
 .debug_aranges
                0x0000000000000040       0x20 ./Core/Src/gpio.o
 .debug_aranges
                0x0000000000000060       0x38 ./Core/Src/i2c.o
 .debug_aranges
                0x0000000000000098       0x38 ./Core/Src/iBus.o
 .debug_aranges
                0x00000000000000d0       0x20 ./Core/Src/iwdg.o
 .debug_aranges
                0x00000000000000f0       0x68 ./Core/Src/main.o
 .debug_aranges
                0x0000000000000158       0x20 ./Core/Src/minion_drive.o
 .debug_aranges
                0x0000000000000178       0x20 ./Core/Src/modes.o
 .debug_aranges
                0x0000000000000198       0x28 ./Core/Src/odom.o
 .debug_aranges
                0x00000000000001c0       0x30 ./Core/Src/sonar.o
 .debug_aranges
                0x00000000000001f0       0x20 ./Core/Src/stm32f7xx_hal_msp.o
 .debug_aranges
                0x0000000000000210       0xa0 ./Core/Src/stm32f7xx_it.o
 .debug_aranges
                0x00000000000002b0       0x28 ./Core/Src/system_stm32f7xx.o
 .debug_aranges
                0x00000000000002d8       0xf0 ./Core/Src/tim.o
 .debug_aranges
                0x00000000000003c8       0x20 ./Core/Src/tof.o
 .debug_aranges
                0x00000000000003e8       0x38 ./Core/Src/usart.o
 .debug_aranges
                0x0000000000000420       0x28 ./Core/Startup/startup_stm32f767zitx.o
 .debug_aranges
                0x0000000000000448      0x110 ./Drivers/STM32F7xx_HAL_Driver/Src/stm32f7xx_hal.o
 .debug_aranges
                0x0000000000000558      0x118 ./Drivers/STM32F7xx_HAL_Driver/Src/stm32f7xx_hal_cortex.o
 .debug_aranges
                0x0000000000000670       0x90 ./Drivers/STM32F7xx_HAL_Driver/Src/stm32f7xx_hal_dma.o
 .debug_aranges
                0x0000000000000700       0x58 ./Drivers/STM32F7xx_HAL_Driver/Src/stm32f7xx_hal_gpio.o
 .debug_aranges
                0x0000000000000758      0x290 ./Drivers/STM32F7xx_HAL_Driver/Src/stm32f7xx_hal_i2c.o
 .debug_aranges
                0x00000000000009e8       0x38 ./Drivers/STM32F7xx_HAL_Driver/Src/stm32f7xx_hal_i2c_ex.o
 .debug_aranges
                0x0000000000000a20       0x28 ./Drivers/STM32F7xx_HAL_Driver/Src/stm32f7xx_hal_iwdg.o
 .debug_aranges
                0x0000000000000a48       0x80 ./Drivers/STM32F7xx_HAL_Driver/Src/stm32f7xx_hal_pwr_ex.o
 .debug_aranges
                0x0000000000000ac8       0x88 ./Drivers/STM32F7xx_HAL_Driver/Src/stm32f7xx_hal_rcc.o
 .debug_aranges
                0x0000000000000b50       0x50 ./Drivers/STM32F7xx_HAL_Driver/Src/stm32f7xx_hal_rcc_ex.o
 .debug_aranges
                0x0000000000000ba0      0x3e0 ./Drivers/STM32F7xx_HAL_Driver/Src/stm32f7xx_hal_tim.o
 .debug_aranges
                0x0000000000000f80      0x180 ./Drivers/STM32F7xx_HAL_Driver/Src/stm32f7xx_hal_tim_ex.o
 .debug_aranges
                0x0000000000001100      0x230 ./Drivers/STM32F7xx_HAL_Driver/Src/stm32f7xx_hal_uart.o
 .debug_aranges
                0x0000000000001330       0x70 ./Drivers/STM32F7xx_HAL_Driver/Src/stm32f7xx_ll_gpio.o
 .debug_aranges
                0x00000000000013a0      0x148 ./Drivers/STM32F7xx_HAL_Driver/Src/stm32f7xx_ll_tim.o

.debug_ranges   0x0000000000000000     0x1320
 .debug_ranges  0x0000000000000000       0x30 ./Core/Src/dma.o
 .debug_ranges  0x0000000000000030       0x10 ./Core/Src/gpio.o
 .debug_ranges  0x0000000000000040       0x28 ./Core/Src/i2c.o
 .debug_ranges  0x0000000000000068       0x28 ./Core/Src/iBus.o
 .debug_ranges  0x0000000000000090       0x10 ./Core/Src/iwdg.o
 .debug_ranges  0x00000000000000a0       0x58 ./Core/Src/main.o
 .debug_ranges  0x00000000000000f8       0x10 ./Core/Src/minion_drive.o
 .debug_ranges  0x0000000000000108       0x10 ./Core/Src/modes.o
 .debug_ranges  0x0000000000000118       0x18 ./Core/Src/odom.o
 .debug_ranges  0x0000000000000130       0x20 ./Core/Src/sonar.o
 .debug_ranges  0x0000000000000150       0x10 ./Core/Src/stm32f7xx_hal_msp.o
 .debug_ranges  0x0000000000000160       0x90 ./Core/Src/stm32f7xx_it.o
 .debug_ranges  0x00000000000001f0       0x18 ./Core/Src/system_stm32f7xx.o
 .debug_ranges  0x0000000000000208       0xe0 ./Core/Src/tim.o
 .debug_ranges  0x00000000000002e8       0x10 ./Core/Src/tof.o
 .debug_ranges  0x00000000000002f8       0x28 ./Core/Src/usart.o
 .debug_ranges  0x0000000000000320       0x20 ./Core/Startup/startup_stm32f767zitx.o
 .debug_ranges  0x0000000000000340      0x100 ./Drivers/STM32F7xx_HAL_Driver/Src/stm32f7xx_hal.o
 .debug_ranges  0x0000000000000440      0x108 ./Drivers/STM32F7xx_HAL_Driver/Src/stm32f7xx_hal_cortex.o
 .debug_ranges  0x0000000000000548       0x80 ./Drivers/STM32F7xx_HAL_Driver/Src/stm32f7xx_hal_dma.o
 .debug_ranges  0x00000000000005c8       0x48 ./Drivers/STM32F7xx_HAL_Driver/Src/stm32f7xx_hal_gpio.o
 .debug_ranges  0x0000000000000610      0x280 ./Drivers/STM32F7xx_HAL_Driver/Src/stm32f7xx_hal_i2c.o
 .debug_ranges  0x0000000000000890       0x28 ./Drivers/STM32F7xx_HAL_Driver/Src/stm32f7xx_hal_i2c_ex.o
 .debug_ranges  0x00000000000008b8       0x18 ./Drivers/STM32F7xx_HAL_Driver/Src/stm32f7xx_hal_iwdg.o
 .debug_ranges  0x00000000000008d0       0x70 ./Drivers/STM32F7xx_HAL_Driver/Src/stm32f7xx_hal_pwr_ex.o
 .debug_ranges  0x0000000000000940       0x78 ./Drivers/STM32F7xx_HAL_Driver/Src/stm32f7xx_hal_rcc.o
 .debug_ranges  0x00000000000009b8       0x40 ./Drivers/STM32F7xx_HAL_Driver/Src/stm32f7xx_hal_rcc_ex.o
 .debug_ranges  0x00000000000009f8      0x3d0 ./Drivers/STM32F7xx_HAL_Driver/Src/stm32f7xx_hal_tim.o
 .debug_ranges  0x0000000000000dc8      0x170 ./Drivers/STM32F7xx_HAL_Driver/Src/stm32f7xx_hal_tim_ex.o
 .debug_ranges  0x0000000000000f38      0x250 ./Drivers/STM32F7xx_HAL_Driver/Src/stm32f7xx_hal_uart.o
 .debug_ranges  0x0000000000001188       0x60 ./Drivers/STM32F7xx_HAL_Driver/Src/stm32f7xx_ll_gpio.o
 .debug_ranges  0x00000000000011e8      0x138 ./Drivers/STM32F7xx_HAL_Driver/Src/stm32f7xx_ll_tim.o

.debug_macro    0x0000000000000000    0x30008
 .debug_macro   0x0000000000000000      0x260 ./Core/Src/dma.o
 .debug_macro   0x0000000000000260      0xac6 ./Core/Src/dma.o
 .debug_macro   0x0000000000000d26      0x299 ./Core/Src/dma.o
 .debug_macro   0x0000000000000fbf       0x2e ./Core/Src/dma.o
 .debug_macro   0x0000000000000fed       0x3b ./Core/Src/dma.o
 .debug_macro   0x0000000000001028       0x22 ./Core/Src/dma.o
 .debug_macro   0x000000000000104a       0x8e ./Core/Src/dma.o
 .debug_macro   0x00000000000010d8       0x51 ./Core/Src/dma.o
 .debug_macro   0x0000000000001129      0x103 ./Core/Src/dma.o
 .debug_macro   0x000000000000122c       0x6a ./Core/Src/dma.o
 .debug_macro   0x0000000000001296      0x1df ./Core/Src/dma.o
 .debug_macro   0x0000000000001475       0x1c ./Core/Src/dma.o
 .debug_macro   0x0000000000001491       0x22 ./Core/Src/dma.o
 .debug_macro   0x00000000000014b3       0xdf ./Core/Src/dma.o
 .debug_macro   0x0000000000001592     0x12cd ./Core/Src/dma.o
 .debug_macro   0x000000000000285f      0x11f ./Core/Src/dma.o
 .debug_macro   0x000000000000297e       0x19 ./Core/Src/dma.o
 .debug_macro   0x0000000000002997    0x1a9cf ./Core/Src/dma.o
 .debug_macro   0x000000000001d366       0x43 ./Core/Src/dma.o
 .debug_macro   0x000000000001d3a9     0x36c9 ./Core/Src/dma.o
 .debug_macro   0x0000000000020a72      0x174 ./Core/Src/dma.o
 .debug_macro   0x0000000000020be6       0x63 ./Core/Src/dma.o
 .debug_macro   0x0000000000020c49     0x1add ./Core/Src/dma.o
 .debug_macro   0x0000000000022726      0x6c4 ./Core/Src/dma.o
 .debug_macro   0x0000000000022dea      0x18b ./Core/Src/dma.o
 .debug_macro   0x0000000000022f75      0x117 ./Core/Src/dma.o
 .debug_macro   0x000000000002308c      0x26f ./Core/Src/dma.o
 .debug_macro   0x00000000000232fb       0x27 ./Core/Src/dma.o
 .debug_macro   0x0000000000023322      0x24f ./Core/Src/dma.o
 .debug_macro   0x0000000000023571       0x71 ./Core/Src/dma.o
 .debug_macro   0x00000000000235e2       0x58 ./Core/Src/dma.o
 .debug_macro   0x000000000002363a      0x236 ./Core/Src/dma.o
 .debug_macro   0x0000000000023870      0x14f ./Core/Src/dma.o
 .debug_macro   0x00000000000239bf      0x3dc ./Core/Src/dma.o
 .debug_macro   0x0000000000023d9b       0x12 ./Core/Src/dma.o
 .debug_macro   0x0000000000023dad      0x22c ./Core/Src/dma.o
 .debug_macro   0x0000000000023fd9       0x61 ./Core/Src/dma.o
 .debug_macro   0x000000000002403a       0xa5 ./Core/Src/dma.o
 .debug_macro   0x00000000000240df       0x85 ./Core/Src/dma.o
 .debug_macro   0x0000000000024164      0x12f ./Core/Src/dma.o
 .debug_macro   0x0000000000024293      0x108 ./Core/Src/dma.o
 .debug_macro   0x000000000002439b       0x35 ./Core/Src/dma.o
 .debug_macro   0x00000000000243d0      0xa6e ./Core/Src/dma.o
 .debug_macro   0x0000000000024e3e       0xa9 ./Core/Src/dma.o
 .debug_macro   0x0000000000024ee7      0x5a5 ./Core/Src/dma.o
 .debug_macro   0x000000000002548c       0x44 ./Core/Src/dma.o
 .debug_macro   0x00000000000254d0      0x15c ./Core/Src/dma.o
 .debug_macro   0x000000000002562c      0x83c ./Core/Src/dma.o
 .debug_macro   0x0000000000025e68      0x26f ./Core/Src/dma.o
 .debug_macro   0x00000000000260d7      0x1a7 ./Core/Src/dma.o
 .debug_macro   0x000000000002627e      0xbfc ./Core/Src/dma.o
 .debug_macro   0x0000000000026e7a      0x279 ./Core/Src/dma.o
 .debug_macro   0x00000000000270f3       0x61 ./Core/Src/dma.o
 .debug_macro   0x0000000000027154      0x130 ./Core/Src/dma.o
 .debug_macro   0x0000000000027284      0x149 ./Core/Src/dma.o
 .debug_macro   0x00000000000273cd      0x224 ./Core/Src/dma.o
 .debug_macro   0x00000000000275f1       0xf4 ./Core/Src/dma.o
 .debug_macro   0x00000000000276e5       0xd0 ./Core/Src/dma.o
 .debug_macro   0x00000000000277b5      0x260 ./Core/Src/gpio.o
 .debug_macro   0x0000000000027a15      0x260 ./Core/Src/i2c.o
 .debug_macro   0x0000000000027c75      0x289 ./Core/Src/iBus.o
 .debug_macro   0x0000000000027efe       0x28 ./Core/Src/iBus.o
 .debug_macro   0x0000000000027f26      0x260 ./Core/Src/iwdg.o
 .debug_macro   0x0000000000028186      0x57f ./Core/Src/main.o
 .debug_macro   0x0000000000028705       0x17 ./Core/Src/main.o
 .debug_macro   0x000000000002871c       0x52 ./Core/Src/main.o
 .debug_macro   0x000000000002876e       0x3c ./Core/Src/main.o
 .debug_macro   0x00000000000287aa       0x34 ./Core/Src/main.o
 .debug_macro   0x00000000000287de       0x16 ./Core/Src/main.o
 .debug_macro   0x00000000000287f4       0x35 ./Core/Src/main.o
 .debug_macro   0x0000000000028829       0x16 ./Core/Src/main.o
 .debug_macro   0x000000000002883f       0x43 ./Core/Src/main.o
 .debug_macro   0x0000000000028882       0x34 ./Core/Src/main.o
 .debug_macro   0x00000000000288b6       0x10 ./Core/Src/main.o
 .debug_macro   0x00000000000288c6       0x58 ./Core/Src/main.o
 .debug_macro   0x000000000002891e       0x71 ./Core/Src/main.o
 .debug_macro   0x000000000002898f       0x1c ./Core/Src/main.o
 .debug_macro   0x00000000000289ab      0x12a ./Core/Src/main.o
 .debug_macro   0x0000000000028ad5      0x333 ./Core/Src/main.o
 .debug_macro   0x0000000000028e08       0x16 ./Core/Src/main.o
 .debug_macro   0x0000000000028e1e       0x29 ./Core/Src/main.o
 .debug_macro   0x0000000000028e47       0x16 ./Core/Src/main.o
 .debug_macro   0x0000000000028e5d       0x20 ./Core/Src/main.o
 .debug_macro   0x0000000000028e7d       0x1c ./Core/Src/main.o
 .debug_macro   0x0000000000028e99       0x10 ./Core/Src/main.o
 .debug_macro   0x0000000000028ea9       0x10 ./Core/Src/main.o
 .debug_macro   0x0000000000028eb9       0x1c ./Core/Src/main.o
 .debug_macro   0x0000000000028ed5       0x52 ./Core/Src/main.o
 .debug_macro   0x0000000000028f27       0x22 ./Core/Src/main.o
 .debug_macro   0x0000000000028f49       0x10 ./Core/Src/main.o
 .debug_macro   0x0000000000028f59       0x40 ./Core/Src/main.o
 .debug_macro   0x0000000000028f99       0xd5 ./Core/Src/main.o
 .debug_macro   0x000000000002906e       0x1c ./Core/Src/main.o
 .debug_macro   0x000000000002908a       0x3d ./Core/Src/main.o
 .debug_macro   0x00000000000290c7       0x16 ./Core/Src/main.o
 .debug_macro   0x00000000000290dd      0x145 ./Core/Src/main.o
 .debug_macro   0x0000000000029222      0x120 ./Core/Src/main.o
 .debug_macro   0x0000000000029342       0x6a ./Core/Src/main.o
 .debug_macro   0x00000000000293ac       0x64 ./Core/Src/main.o
 .debug_macro   0x0000000000029410      0x5dc ./Core/Src/main.o
 .debug_macro   0x00000000000299ec     0x2057 ./Core/Src/main.o
 .debug_macro   0x000000000002ba43      0x100 ./Core/Src/main.o
 .debug_macro   0x000000000002bb43       0x28 ./Core/Src/main.o
 .debug_macro   0x000000000002bb6b       0x93 ./Core/Src/main.o
 .debug_macro   0x000000000002bbfe       0x3b ./Core/Src/main.o
 .debug_macro   0x000000000002bc39      0x27a ./Core/Src/main.o
 .debug_macro   0x000000000002beb3       0x1c ./Core/Src/main.o
 .debug_macro   0x000000000002becf       0xd8 ./Core/Src/main.o
 .debug_macro   0x000000000002bfa7       0x52 ./Core/Src/main.o
 .debug_macro   0x000000000002bff9      0x3fd ./Core/Src/minion_drive.o
 .debug_macro   0x000000000002c3f6       0x16 ./Core/Src/minion_drive.o
 .debug_macro   0x000000000002c40c       0x6d ./Core/Src/modes.o
 .debug_macro   0x000000000002c479      0x26a ./Core/Src/odom.o
 .debug_macro   0x000000000002c6e3      0x274 ./Core/Src/sonar.o
 .debug_macro   0x000000000002c957      0x256 ./Core/Src/stm32f7xx_hal_msp.o
 .debug_macro   0x000000000002cbad      0x260 ./Core/Src/stm32f7xx_it.o
 .debug_macro   0x000000000002ce0d      0x1f3 ./Core/Src/system_stm32f7xx.o
 .debug_macro   0x000000000002d000      0x260 ./Core/Src/tim.o
 .debug_macro   0x000000000002d260      0x274 ./Core/Src/tof.o
 .debug_macro   0x000000000002d4d4      0x260 ./Core/Src/usart.o
 .debug_macro   0x000000000002d734      0x211 ./Drivers/STM32F7xx_HAL_Driver/Src/stm32f7xx_hal.o
 .debug_macro   0x000000000002d945      0x1ed ./Drivers/STM32F7xx_HAL_Driver/Src/stm32f7xx_hal_cortex.o
 .debug_macro   0x000000000002db32      0x1f3 ./Drivers/STM32F7xx_HAL_Driver/Src/stm32f7xx_hal_dma.o
 .debug_macro   0x000000000002dd25      0x223 ./Drivers/STM32F7xx_HAL_Driver/Src/stm32f7xx_hal_gpio.o
 .debug_macro   0x000000000002df48      0x2b2 ./Drivers/STM32F7xx_HAL_Driver/Src/stm32f7xx_hal_i2c.o
 .debug_macro   0x000000000002e1fa      0x1ed ./Drivers/STM32F7xx_HAL_Driver/Src/stm32f7xx_hal_i2c_ex.o
 .debug_macro   0x000000000002e3e7      0x1fb ./Drivers/STM32F7xx_HAL_Driver/Src/stm32f7xx_hal_iwdg.o
 .debug_macro   0x000000000002e5e2      0x205 ./Drivers/STM32F7xx_HAL_Driver/Src/stm32f7xx_hal_pwr_ex.o
 .debug_macro   0x000000000002e7e7      0x211 ./Drivers/STM32F7xx_HAL_Driver/Src/stm32f7xx_hal_rcc.o
 .debug_macro   0x000000000002e9f8      0x1ed ./Drivers/STM32F7xx_HAL_Driver/Src/stm32f7xx_hal_rcc_ex.o
 .debug_macro   0x000000000002ebe5      0x1ee ./Drivers/STM32F7xx_HAL_Driver/Src/stm32f7xx_hal_tim.o
 .debug_macro   0x000000000002edd3      0x1ed ./Drivers/STM32F7xx_HAL_Driver/Src/stm32f7xx_hal_tim_ex.o
 .debug_macro   0x000000000002efc0      0x20a ./Drivers/STM32F7xx_HAL_Driver/Src/stm32f7xx_hal_uart.o
 .debug_macro   0x000000000002f1ca      0x22f ./Drivers/STM32F7xx_HAL_Driver/Src/stm32f7xx_ll_gpio.o
 .debug_macro   0x000000000002f3f9      0x143 ./Drivers/STM32F7xx_HAL_Driver/Src/stm32f7xx_ll_gpio.o
 .debug_macro   0x000000000002f53c      0x296 ./Drivers/STM32F7xx_HAL_Driver/Src/stm32f7xx_ll_tim.o
 .debug_macro   0x000000000002f7d2      0x836 ./Drivers/STM32F7xx_HAL_Driver/Src/stm32f7xx_ll_tim.o

.debug_line     0x0000000000000000    0x1baec
 .debug_line    0x0000000000000000      0x8c7 ./Core/Src/dma.o
 .debug_line    0x00000000000008c7      0x84a ./Core/Src/gpio.o
 .debug_line    0x0000000000001111      0x8ec ./Core/Src/i2c.o
 .debug_line    0x00000000000019fd      0x938 ./Core/Src/iBus.o
 .debug_line    0x0000000000002335      0x7fd ./Core/Src/iwdg.o
 .debug_line    0x0000000000002b32      0xfa1 ./Core/Src/main.o
 .debug_line    0x0000000000003ad3      0xa7f ./Core/Src/minion_drive.o
 .debug_line    0x0000000000004552      0x426 ./Core/Src/modes.o
 .debug_line    0x0000000000004978      0x91c ./Core/Src/odom.o
 .debug_line    0x0000000000005294      0x8f8 ./Core/Src/sonar.o
 .debug_line    0x0000000000005b8c      0x7f0 ./Core/Src/stm32f7xx_hal_msp.o
 .debug_line    0x000000000000637c      0x955 ./Core/Src/stm32f7xx_it.o
 .debug_line    0x0000000000006cd1      0x78f ./Core/Src/system_stm32f7xx.o
 .debug_line    0x0000000000007460      0xd67 ./Core/Src/tim.o
 .debug_line    0x00000000000081c7      0x80d ./Core/Src/tof.o
 .debug_line    0x00000000000089d4      0x8d5 ./Core/Src/usart.o
 .debug_line    0x00000000000092a9       0x85 ./Core/Startup/startup_stm32f767zitx.o
 .debug_line    0x000000000000932e      0xa4a ./Drivers/STM32F7xx_HAL_Driver/Src/stm32f7xx_hal.o
 .debug_line    0x0000000000009d78      0xca0 ./Drivers/STM32F7xx_HAL_Driver/Src/stm32f7xx_hal_cortex.o
 .debug_line    0x000000000000aa18      0xf6e ./Drivers/STM32F7xx_HAL_Driver/Src/stm32f7xx_hal_dma.o
 .debug_line    0x000000000000b986      0xb9c ./Drivers/STM32F7xx_HAL_Driver/Src/stm32f7xx_hal_gpio.o
 .debug_line    0x000000000000c522     0x32f8 ./Drivers/STM32F7xx_HAL_Driver/Src/stm32f7xx_hal_i2c.o
 .debug_line    0x000000000000f81a      0x845 ./Drivers/STM32F7xx_HAL_Driver/Src/stm32f7xx_hal_i2c_ex.o
 .debug_line    0x000000000001005f      0x795 ./Drivers/STM32F7xx_HAL_Driver/Src/stm32f7xx_hal_iwdg.o
 .debug_line    0x00000000000107f4      0x98f ./Drivers/STM32F7xx_HAL_Driver/Src/stm32f7xx_hal_pwr_ex.o
 .debug_line    0x0000000000011183      0xe8a ./Drivers/STM32F7xx_HAL_Driver/Src/stm32f7xx_hal_rcc.o
 .debug_line    0x000000000001200d      0xe68 ./Drivers/STM32F7xx_HAL_Driver/Src/stm32f7xx_hal_rcc_ex.o
 .debug_line    0x0000000000012e75     0x3b5a ./Drivers/STM32F7xx_HAL_Driver/Src/stm32f7xx_hal_tim.o
 .debug_line    0x00000000000169cf     0x1bc8 ./Drivers/STM32F7xx_HAL_Driver/Src/stm32f7xx_hal_tim_ex.o
 .debug_line    0x0000000000018597     0x1d3f ./Drivers/STM32F7xx_HAL_Driver/Src/stm32f7xx_hal_uart.o
 .debug_line    0x000000000001a2d6      0x9e6 ./Drivers/STM32F7xx_HAL_Driver/Src/stm32f7xx_ll_gpio.o
 .debug_line    0x000000000001acbc      0xe30 ./Drivers/STM32F7xx_HAL_Driver/Src/stm32f7xx_ll_tim.o

.debug_str      0x0000000000000000   0x1256ef
 .debug_str     0x0000000000000000   0x10423e ./Core/Src/dma.o
                                     0x105a90 (size before relaxing)
 .debug_str     0x000000000010423e       0x9f ./Core/Src/gpio.o
                                     0x1052de (size before relaxing)
 .debug_str     0x00000000001042dd      0x4ea ./Core/Src/i2c.o
                                     0x10581f (size before relaxing)
 .debug_str     0x00000000001047c7      0x412 ./Core/Src/iBus.o
                                     0x10579e (size before relaxing)
 .debug_str     0x0000000000104bd9       0x6f ./Core/Src/iwdg.o
                                     0x1051a9 (size before relaxing)
 .debug_str     0x0000000000104c48    0x1a4ce ./Core/Src/main.o
                                     0x1201bd (size before relaxing)
 .debug_str     0x000000000011f116       0x3b ./Core/Src/minion_drive.o
                                     0x10935d (size before relaxing)
 .debug_str     0x000000000011f151       0x2e ./Core/Src/modes.o
                                       0x3d8f (size before relaxing)
 .debug_str     0x000000000011f17f       0xd3 ./Core/Src/odom.o
                                     0x10522e (size before relaxing)
 .debug_str     0x000000000011f252       0x63 ./Core/Src/sonar.o
                                     0x10571c (size before relaxing)
 .debug_str     0x000000000011f2b5       0x2c ./Core/Src/stm32f7xx_hal_msp.o
                                     0x105241 (size before relaxing)
 .debug_str     0x000000000011f2e1      0x173 ./Core/Src/stm32f7xx_it.o
                                     0x1056e0 (size before relaxing)
 .debug_str     0x000000000011f454       0x70 ./Core/Src/system_stm32f7xx.o
                                      0xf35df (size before relaxing)
 .debug_str     0x000000000011f4c4      0x4ab ./Core/Src/tim.o
                                     0x106557 (size before relaxing)
 .debug_str     0x000000000011f96f       0x57 ./Core/Src/tof.o
                                     0x1056bb (size before relaxing)
 .debug_str     0x000000000011f9c6       0x65 ./Core/Src/usart.o
                                     0x105dc3 (size before relaxing)
 .debug_str     0x000000000011fa2b       0x36 ./Core/Startup/startup_stm32f767zitx.o
                                         0x80 (size before relaxing)
 .debug_str     0x000000000011fa61      0x3b5 ./Drivers/STM32F7xx_HAL_Driver/Src/stm32f7xx_hal.o
                                      0xf3f68 (size before relaxing)
 .debug_str     0x000000000011fe16      0x2f9 ./Drivers/STM32F7xx_HAL_Driver/Src/stm32f7xx_hal_cortex.o
                                      0xf3fd4 (size before relaxing)
 .debug_str     0x000000000012010f      0x323 ./Drivers/STM32F7xx_HAL_Driver/Src/stm32f7xx_hal_dma.o
                                      0xf3919 (size before relaxing)
 .debug_str     0x0000000000120432      0x244 ./Drivers/STM32F7xx_HAL_Driver/Src/stm32f7xx_hal_gpio.o
                                      0xf37b5 (size before relaxing)
 .debug_str     0x0000000000120676      0xd3e ./Drivers/STM32F7xx_HAL_Driver/Src/stm32f7xx_hal_i2c.o
                                      0xf4720 (size before relaxing)
 .debug_str     0x00000000001213b4       0x89 ./Drivers/STM32F7xx_HAL_Driver/Src/stm32f7xx_hal_i2c_ex.o
                                      0xf3a9c (size before relaxing)
 .debug_str     0x000000000012143d       0xd9 ./Drivers/STM32F7xx_HAL_Driver/Src/stm32f7xx_hal_iwdg.o
                                      0xf34b6 (size before relaxing)
 .debug_str     0x0000000000121516      0x1d1 ./Drivers/STM32F7xx_HAL_Driver/Src/stm32f7xx_hal_pwr_ex.o
                                      0xf3859 (size before relaxing)
 .debug_str     0x00000000001216e7      0x274 ./Drivers/STM32F7xx_HAL_Driver/Src/stm32f7xx_hal_rcc.o
                                      0xf3913 (size before relaxing)
 .debug_str     0x000000000012195b      0x161 ./Drivers/STM32F7xx_HAL_Driver/Src/stm32f7xx_hal_rcc_ex.o
                                      0xf38c8 (size before relaxing)
 .debug_str     0x0000000000121abc      0xd96 ./Drivers/STM32F7xx_HAL_Driver/Src/stm32f7xx_hal_tim.o
                                      0xf4872 (size before relaxing)
 .debug_str     0x0000000000122852      0x587 ./Drivers/STM32F7xx_HAL_Driver/Src/stm32f7xx_hal_tim_ex.o
                                      0xf4136 (size before relaxing)
 .debug_str     0x0000000000122dd9      0x839 ./Drivers/STM32F7xx_HAL_Driver/Src/stm32f7xx_hal_uart.o
                                      0xf41e4 (size before relaxing)
 .debug_str     0x0000000000123612      0x671 ./Drivers/STM32F7xx_HAL_Driver/Src/stm32f7xx_ll_gpio.o
                                      0xf533c (size before relaxing)
 .debug_str     0x0000000000123c83     0x1a6c ./Drivers/STM32F7xx_HAL_Driver/Src/stm32f7xx_ll_tim.o
                                      0xfa31a (size before relaxing)

.comment        0x0000000000000000       0x53
 .comment       0x0000000000000000       0x53 ./Core/Src/dma.o
                                         0x54 (size before relaxing)
 .comment       0x0000000000000053       0x54 ./Core/Src/gpio.o
 .comment       0x0000000000000053       0x54 ./Core/Src/i2c.o
 .comment       0x0000000000000053       0x54 ./Core/Src/iBus.o
 .comment       0x0000000000000053       0x54 ./Core/Src/iwdg.o
 .comment       0x0000000000000053       0x54 ./Core/Src/main.o
 .comment       0x0000000000000053       0x54 ./Core/Src/minion_drive.o
 .comment       0x0000000000000053       0x54 ./Core/Src/modes.o
 .comment       0x0000000000000053       0x54 ./Core/Src/odom.o
 .comment       0x0000000000000053       0x54 ./Core/Src/sonar.o
 .comment       0x0000000000000053       0x54 ./Core/Src/stm32f7xx_hal_msp.o
 .comment       0x0000000000000053       0x54 ./Core/Src/stm32f7xx_it.o
 .comment       0x0000000000000053       0x54 ./Core/Src/system_stm32f7xx.o
 .comment       0x0000000000000053       0x54 ./Core/Src/tim.o
 .comment       0x0000000000000053       0x54 ./Core/Src/tof.o
 .comment       0x0000000000000053       0x54 ./Core/Src/usart.o
 .comment       0x0000000000000053       0x54 ./Drivers/STM32F7xx_HAL_Driver/Src/stm32f7xx_hal.o
 .comment       0x0000000000000053       0x54 ./Drivers/STM32F7xx_HAL_Driver/Src/stm32f7xx_hal_cortex.o
 .comment       0x0000000000000053       0x54 ./Drivers/STM32F7xx_HAL_Driver/Src/stm32f7xx_hal_dma.o
 .comment       0x0000000000000053       0x54 ./Drivers/STM32F7xx_HAL_Driver/Src/stm32f7xx_hal_gpio.o
 .comment       0x0000000000000053       0x54 ./Drivers/STM32F7xx_HAL_Driver/Src/stm32f7xx_hal_i2c.o
 .comment       0x0000000000000053       0x54 ./Drivers/STM32F7xx_HAL_Driver/Src/stm32f7xx_hal_i2c_ex.o
 .comment       0x0000000000000053       0x54 ./Drivers/STM32F7xx_HAL_Driver/Src/stm32f7xx_hal_iwdg.o