vl53l1_api_core.c:153:14:VL53L1_data_init	48	static
vl53l1_api_core.c:314:14:VL53L1_read_p2p_data	24	static
vl53l1_api_core.c:407:14:VL53L1_software_reset	24	static
vl53l1_api_core.c:450:14:VL53L1_set_part_to_part_data	32	static
vl53l1_api_core.c:534:14:VL53L1_get_part_to_part_data	24	static
vl53l1_api_core.c:601:14:VL53L1_set_inter_measurement_period_ms	24	static
vl53l1_api_core.c:630:14:VL53L1_get_inter_measurement_period_ms	24	static
vl53l1_api_core.c:658:14:VL53L1_set_timeouts_us	40	static
vl53l1_api_core.c:700:14:VL53L1_get_timeouts_us	40	static
vl53l1_api_core.c:774:14:VL53L1_set_calibration_repeat_period	24	static
vl53l1_api_core.c:793:14:VL53L1_get_calibration_repeat_period	24	static
vl53l1_api_core.c:812:14:VL53L1_set_sequence_config_bit	32	static
vl53l1_api_core.c:851:14:VL53L1_get_sequence_config_bit	32	static
vl53l1_api_core.c:888:14:VL53L1_set_interrupt_polarity	24	static
vl53l1_api_core.c:912:14:VL53L1_set_refspadchar_config_struct	24	static
vl53l1_api_core.c:943:14:VL53L1_get_refspadchar_config_struct	24	static
vl53l1_api_core.c:973:14:VL53L1_set_range_ignore_threshold	24	static
vl53l1_api_core.c:996:14:VL53L1_get_range_ignore_threshold	32	static
vl53l1_api_core.c:1030:14:VL53L1_get_interrupt_polarity	24	static
vl53l1_api_core.c:1051:14:VL53L1_set_user_zone	24	static
vl53l1_api_core.c:1084:14:VL53L1_get_user_zone	24	static
vl53l1_api_core.c:1116:14:VL53L1_get_mode_mitigation_roi	32	static
vl53l1_api_core.c:1160:14:VL53L1_get_preset_mode_timing_cfg	32	static
vl53l1_api_core.c:1231:14:VL53L1_set_preset_mode	80	static
vl53l1_api_core.c:1453:15:VL53L1_enable_xtalk_compensation	32	static
vl53l1_api_core.c:1513:6:VL53L1_get_xtalk_compensation_enable	24	static
vl53l1_api_core.c:1540:14:VL53L1_get_lite_xtalk_margin_kcps	24	static
vl53l1_api_core.c:1563:14:VL53L1_set_lite_xtalk_margin_kcps	24	static
vl53l1_api_core.c:1586:14:VL53L1_restore_xtalk_nvm_default	24	static
vl53l1_api_core.c:1612:15:VL53L1_disable_xtalk_compensation	24	static
vl53l1_api_core.c:1662:14:VL53L1_get_lite_sigma_threshold	24	static
vl53l1_api_core.c:1688:14:VL53L1_set_lite_sigma_threshold	24	static
vl53l1_api_core.c:1713:14:VL53L1_get_lite_min_count_rate	24	static
vl53l1_api_core.c:1739:14:VL53L1_set_lite_min_count_rate	24	static
vl53l1_api_core.c:1765:14:VL53L1_get_vhv_loopbound	24	static
vl53l1_api_core.c:1791:14:VL53L1_set_vhv_loopbound	24	static
vl53l1_api_core.c:1823:14:VL53L1_get_vhv_config	32	static
vl53l1_api_core.c:1862:14:VL53L1_set_vhv_config	24	static
vl53l1_api_core.c:1890:14:VL53L1_init_and_start_range	328	static
vl53l1_api_core.c:2160:14:VL53L1_stop_range	24	static
vl53l1_api_core.c:2200:14:VL53L1_get_measurement_results	296	static
vl53l1_api_core.c:2299:14:VL53L1_get_device_results	40	static
vl53l1_api_core.c:2391:14:VL53L1_clear_interrupt_and_enable_next_range	24	static
vl53l1_api_core.c:2426:6:VL53L1_copy_sys_and_core_results_to_range_results	40	static
vl53l1_api_core.c:2601:14:VL53L1_set_GPIO_interrupt_config	32	static
vl53l1_api_core.c:2650:14:VL53L1_set_GPIO_interrupt_config_struct	32	static
vl53l1_api_core.c:2681:14:VL53L1_get_GPIO_interrupt_config	48	static
vl53l1_api_core.c:2724:14:VL53L1_set_offset_calibration_mode	24	static
vl53l1_api_core.c:2747:14:VL53L1_get_offset_calibration_mode	24	static
vl53l1_api_core.c:2770:14:VL53L1_set_offset_correction_mode	24	static
vl53l1_api_core.c:2793:14:VL53L1_get_offset_correction_mode	24	static
vl53l1_api_core.c:2998:14:VL53L1_get_tuning_parm	32	static
vl53l1_api_core.c:3260:14:VL53L1_set_tuning_parm	32	static
