stm32f7xx_it.c:71:6:NMI_Handler	4	static
stm32f7xx_it.c:86:6:HardFault_Handler	4	static
stm32f7xx_it.c:101:6:MemManage_Handler	4	static
stm32f7xx_it.c:116:6:BusFault_Handler	4	static
stm32f7xx_it.c:131:6:UsageFault_Handler	4	static
stm32f7xx_it.c:146:6:SVC_Handler	4	static
stm32f7xx_it.c:159:6:DebugMon_Handler	4	static
stm32f7xx_it.c:172:6:PendSV_Handler	4	static
stm32f7xx_it.c:185:6:SysTick_Handler	8	static
stm32f7xx_it.c:206:6:TIM1_BRK_TIM9_IRQHandler	4	static
stm32f7xx_it.c:220:6:TIM1_UP_TIM10_IRQHandler	4	static
stm32f7xx_it.c:234:6:TIM1_TRG_COM_TIM11_IRQHandler	4	static
stm32f7xx_it.c:248:6:TIM1_CC_IRQHandler	4	static
stm32f7xx_it.c:261:6:USART3_IRQHandler	8	static
stm32f7xx_it.c:275:6:DMA2_Stream2_IRQHandler	4	static
stm32f7xx_it.c:289:6:DMA2_Stream6_IRQHandler	4	static
stm32f7xx_it.c:303:6:UART7_IRQHandler	8	static
